******************************************************************************
                  TI ARM Linker PC v20.2.7                     
******************************************************************************
>> Linked Tue Apr 18 16:32:25 2023

OUTPUT FILE NAME:   <Lab2_Final.out>
ENTRY POINT SYMBOL: "_c_int00_noargs"  address: 200091d1


MEMORY CONFIGURATION

         name            origin    length      used     unused   attr    fill
----------------------  --------  ---------  --------  --------  ----  --------
  SRAM_CODE             20004000   00013000  00005e0e  0000d1f2  RW X
  SRAM_DATA             20017000   00019000  000010fa  00017f06  RW X


SEGMENT ALLOCATION MAP

run origin  load origin   length   init length attrs members
----------  ----------- ---------- ----------- ----- -------
20004000    20004000    00005e10   00005e10    r-x
  20004000    20004000    00000400   00000400    r-- .intvecs
  20004400    20004400    000051ce   000051ce    r-x .text
  200095d0    200095d0    000007f8   000007f8    r-- .const
  20009dc8    20009dc8    00000048   00000048    r-- .cinit
20017000    20017000    000008fc   00000000    rw-
  20017000    20017000    00000800   00000000    rw- .sysmem
  20017800    20017800    000000ce   00000000    rw- .bss
  200178d0    200178d0    0000002c   00000000    rw- .data
2002f800    2002f800    00000800   00000000    rw-
  2002f800    2002f800    00000800   00000000    rw- .stack


SECTION ALLOCATION MAP

 output                                  attributes/
section   page    origin      length       input sections
--------  ----  ----------  ----------   ----------------
.intvecs   0    20004000    00000400     
                  20004000    00000400     startup_ccs.obj (.intvecs)

.init_array 
*          0    20004000    00000000     UNINITIALIZED

.text      0    20004400    000051ce     
                  20004400    00000a80     Adafruit_GFX.obj (.text)
                  20004e80    00000a4e     rtsv7M4_T_le_eabi.lib : _printfi.c.obj (.text:__TI_printfi)
                  200058ce    00000712     test.obj (.text)
                  20005fe0    00000544     main.obj (.text)
                  20006524    000004ae     Adafruit_OLED.obj (.text)
                  200069d2    00000002     rtsv7M4_T_le_eabi.lib : _lock.c.obj (.text:_nop)
                  200069d4    000002a0     i2c_if.obj (.text)
                  20006c74    0000027c     uart_if.obj (.text)
                  20006ef0    00000268     rtsv7M4_T_le_eabi.lib : _printfi.c.obj (.text:_pconv_a)
                  20007158    000001cc                           : _printfi.c.obj (.text:_pconv_g)
                  20007324    000001b6                           : fd_add_t2.asm.obj (.text)
                  200074da    00000002                           : div0.asm.obj (.text)
                  200074dc    00000178     driverlib.a : prcm.obj (.text:PRCMCC3200MCUInit)
                  20007654    0000013c     rtsv7M4_T_le_eabi.lib : _printfi.c.obj (.text:_pconv_e)
                  20007790    00000136                           : fd_div_t2.asm.obj (.text)
                  200078c6    00000002     --HOLE-- [fill = 0]
                  200078c8    00000124     pin_mux_config.obj (.text)
                  200079ec    00000120     rtsv7M4_T_le_eabi.lib : _printfi.c.obj (.text:fcvt)
                  20007b0c    00000100                           : memory.c.obj (.text:aligned_alloc)
                  20007c0c    000000fc                           : fd_mul_t2.asm.obj (.text)
                  20007d08    000000e4                           : memory.c.obj (.text:free)
                  20007dec    000000e4                           : memory.c.obj (.text:realloc)
                  20007ed0    000000d0     driverlib.a : spi.obj (.text:SPITransfer32)
                  20007fa0    000000d0     rtsv7M4_T_le_eabi.lib : s_scalbn.c.obj (.text:scalbn)
                  20008070    000000ce     driverlib.a : spi.obj (.text:SPITransfer16)
                  2000813e    000000b8                 : spi.obj (.text:SPITransfer8)
                  200081f6    00000002     --HOLE-- [fill = 0]
                  200081f8    000000b1     rtsv7M4_T_le_eabi.lib : _printfi.c.obj (.text:_ltostr)
                  200082a9    00000003     --HOLE-- [fill = 0]
                  200082ac    000000a8     driverlib.a : interrupt.obj (.text:IntEnable)
                  20008354    000000a0                 : spi.obj (.text:SPIConfigSetExpClk)
                  200083f4    0000009c     rtsv7M4_T_le_eabi.lib : memcpy_t2.asm.obj (.text)
                  20008490    00000096                           : ull_div_t2.asm.obj (.text)
                  20008526    00000002     --HOLE-- [fill = 0]
                  20008528    00000094     driverlib.a : prcm.obj (.text:PRCMPeripheralClockGet)
                  200085bc    00000088                 : pin.obj (.text:PinConfigSet)
                  20008644    00000088                 : spi.obj (.text:SPITransfer)
                  200086cc    00000086     rtsv7M4_T_le_eabi.lib : fd_cmp_t2.asm.obj (.text:__aeabi_cdcmple)
                  20008752    00000086                           : fd_cmp_t2.asm.obj (.text:__aeabi_cdrcmple)
                  200087d8    00000084     driverlib.a : i2c.obj (.text:I2CMasterInitExpClk)
                  2000885c    0000007c                 : spi.obj (.text:SPIIntStatus)
                  200088d8    0000007a     rtsv7M4_T_le_eabi.lib : memset_t2.asm.obj (.text)
                  20008952    00000076     driverlib.a : uart.obj (.text:UARTConfigSetExpClk)
                  200089c8    00000070     rtsv7M4_T_le_eabi.lib : memory.c.obj (.text:split)
                  20008a38    0000006e                           : _printfi.c.obj (.text:_mcpy)
                  20008aa6    00000068                           : copy_decompress_lzss.c.obj (.text:decompress:lzss:__TI_decompress_lzss)
                  20008b0e    00000002     --HOLE-- [fill = 0]
                  20008b10    0000005c                           : s_frexp.c.obj (.text:frexp)
                  20008b6c    00000058     driverlib.a : prcm.obj (.text:PRCMPeripheralReset)
                  20008bc4    00000056     rtsv7M4_T_le_eabi.lib : _printfi.c.obj (.text:_pconv_f)
                  20008c1a    00000054                           : _ltoa.c.obj (.text:__TI_ltoa)
                  20008c6e    00000052                           : _printfi.c.obj (.text:_ecpy)
                  20008cc0    0000004c     driverlib.a : spi.obj (.text:SPIIntEnable)
                  20008d0c    0000004c                 : spi.obj (.text:SPIIntNumberGet)
                  20008d58    0000004c     rtsv7M4_T_le_eabi.lib : atoi.c.obj (.text:atoi)
                  20008da4    00000048     driverlib.a : spi.obj (.text:SPIIntClear)
                  20008dec    00000048     rtsv7M4_T_le_eabi.lib : fd_toi_t2.asm.obj (.text)
                  20008e34    00000044     driverlib.a : spi.obj (.text:SPIDmaMaskGet)
                  20008e78    00000044     rtsv7M4_T_le_eabi.lib : autoinit.c.obj (.text:__TI_auto_init_nobinit_nopinit:__TI_auto_init_nobinit_nopinit)
                  20008ebc    00000040     driverlib.a : pin.obj (.text:PinModeSet)
                  20008efc    00000040     rtsv7M4_T_le_eabi.lib : vsnprintf.c.obj (.text:vsnprintf)
                  20008f3c    0000003e                           : _printfi.c.obj (.text:_fcpy)
                  20008f7a    00000002     --HOLE-- [fill = 0]
                  20008f7c    0000003c     driverlib.a : prcm.obj (.text:PRCMPeripheralClkEnable)
                  20008fb8    00000036                 : gpio.obj (.text:GPIODirModeSet)
                  20008fee    00000030                 : pin.obj (.text:PinTypeGPIO)
                  2000901e    00000002     --HOLE-- [fill = 0]
                  20009020    00000030                 : uart.obj (.text:UARTDisable)
                  20009050    00000030     rtsv7M4_T_le_eabi.lib : vsnprintf.c.obj (.text:_outs)
                  20009080    0000002e                           : i_tofd_t2.asm.obj (.text)
                  200090ae    0000002c     driverlib.a : i2c.obj (.text:I2CMasterErr)
                  200090da    00000002     --HOLE-- [fill = 0]
                  200090dc    0000002c                 : prcm.obj (.text:PRCMSysResetCauseGet)
                  20009108    0000002a                 : spi.obj (.text:SPIDataGetNonBlocking)
                  20009132    00000002     --HOLE-- [fill = 0]
                  20009134    00000028                 : prcm.obj (.text:PRCMPeripheralClkDisable)
                  2000915c    00000028     rtsv7M4_T_le_eabi.lib : memory.c.obj (.text:free_list_insert)
                  20009184    00000028                           : memmov.c.obj (.text:memmove)
                  200091ac    00000024     driverlib.a : uart.obj (.text:UARTEnable)
                  200091d0    00000024     rtsv7M4_T_le_eabi.lib : boot_cortex_m.c.obj (.text:_c_int00_noargs:_c_int00_noargs)
                  200091f4    00000022     driverlib.a : i2c.obj (.text:I2CMasterSlaveAddrSet)
                  20009216    00000022                 : spi.obj (.text:SPIReset)
                  20009238    00000020                 : gpio.obj (.text:GPIOPinWrite)
                  20009258    00000020                 : interrupt.obj (.text:IntRegister)
                  20009278    00000020                 : spi.obj (.text:SPIDataGet)
                  20009298    0000001e                 : i2c.obj (.text:I2CMasterIntStatusEx)
                  200092b6    0000001e                 : spi.obj (.text:SPIDataPut)
                  200092d4    0000001e                 : spi.obj (.text:SPIIntRegister)
                  200092f2    0000001e                 : uart.obj (.text:UARTCharPut)
                  20009310    0000001c                 : pin.obj (.text:PinTypeI2C)
                  2000932c    0000001c                 : uart.obj (.text:UARTCharGetNonBlocking)
                  20009348    0000001c     rtsv7M4_T_le_eabi.lib : copy_zero_init.c.obj (.text:decompress:ZI:__TI_zero_init_nomemset:__TI_zero_init_nomemset)
                  20009364    0000001c                           : memory.c.obj (.text:free_list_remove)
                  20009380    0000001c                           : memccpy.c.obj (.text:memccpy)
                  2000939c    0000001a     driverlib.a : pin.obj (.text:PinTypeSPI)
                  200093b6    0000001a                 : pin.obj (.text:PinTypeUART)
                  200093d0    00000018                 : i2c.obj (.text:I2CMasterIntEnableEx)
                  200093e8    00000018                 : spi.obj (.text:SPICSDisable)
                  20009400    00000018                 : spi.obj (.text:SPICSEnable)
                  20009418    00000018                 : spi.obj (.text:SPIEnable)
                  20009430    00000018                 : uart.obj (.text:UARTCharsAvail)
                  20009448    00000018     rtsv7M4_T_le_eabi.lib : vsnprintf.c.obj (.text:_outc)
                  20009460    00000016     driverlib.a : i2c.obj (.text:I2CMasterDataPut)
                  20009476    00000016                 : i2c.obj (.text:I2CMasterEnable)
                  2000948c    00000016                 : i2c.obj (.text:I2CMasterIntClear)
                  200094a2    00000016                 : prcm.obj (.text:PRCMHIBRegRead)
                  200094b8    00000016                 : prcm.obj (.text:PRCMHIBRegWrite)
                  200094ce    00000016                 : uart.obj (.text:UARTCharGet)
                  200094e4    00000016     rtsv7M4_T_le_eabi.lib : strchr.c.obj (.text:strchr)
                  200094fa    00000014     driverlib.a : cpu.obj (.text:CPUcpsie)
                  2000950e    00000002     --HOLE-- [fill = 0]
                  20009510    00000014                 : interrupt.obj (.text:IntVTableBaseSet)
                  20009524    00000014     rtsv7M4_T_le_eabi.lib : strlen.c.obj (.text:strlen)
                  20009538    00000012     driverlib.a : i2c.obj (.text:I2CMasterControl)
                  2000954a    00000012                 : i2c.obj (.text:I2CMasterTimeoutSet)
                  2000955c    00000012     rtsv7M4_T_le_eabi.lib : wcslen.c.obj (.text:wcslen)
                  2000956e    0000000e     driverlib.a : i2c.obj (.text:I2CMasterDataGet)
                  2000957c    0000000e     rtsv7M4_T_le_eabi.lib : copy_decompress_none.c.obj (.text:decompress:none:__TI_decompress_none)
                  2000958a    0000000e     startup_ccs.obj (.text)
                  20009598    0000000c     rtsv7M4_T_le_eabi.lib : s_copysign.c.obj (.text:copysign)
                  200095a4    0000000a     driverlib.a : interrupt.obj (.text:IntMasterEnable)
                  200095ae    00000002     --HOLE-- [fill = 0]
                  200095b0    00000008     rtsv7M4_T_le_eabi.lib : errno.c.obj (.text:__aeabi_errno_addr)
                  200095b8    00000008                           : memory.c.obj (.text:malloc)
                  200095c0    00000006     driverlib.a : utils.obj (.text:UtilsDelay)
                  200095c6    00000004     rtsv7M4_T_le_eabi.lib : pre_init.c.obj (.text:_system_pre_init)
                  200095ca    00000004                           : exit.c.obj (.text:abort:abort)

.const     0    200095d0    000007f8     
                  200095d0    000004fb     Adafruit_GFX.obj (.const:.string:font)
                  20009acb    00000101     rtsv7M4_T_le_eabi.lib : ctype.c.obj (.const:.string:_ctypes_)
                  20009bcc    00000100     driverlib.a : pin.obj (.const:g_ulPinToPadMap)
                  20009ccc    000000a8                 : prcm.obj (.const:PRCM_PeriphRegsList)
                  20009d74    00000024                 : spi.obj (.const:g_ppulSPIIntMap)
                  20009d98    00000018                 : interrupt.obj (.const:g_pulEnRegs)
                  20009db0    00000018                 : spi.obj (.const:g_ulSPIDmaMaskMap)

.cinit     0    20009dc8    00000048     
                  20009dc8    00000020     (.cinit..data.load) [load image, compression = lzss]
                  20009de8    0000000c     (__TI_handler_table)
                  20009df4    00000004     --HOLE-- [fill = 0]
                  20009df8    00000008     (.cinit..bss.load) [load image, compression = zero_init]
                  20009e00    00000010     (__TI_cinit_table)

.sysmem    0    20017000    00000800     UNINITIALIZED
                  20017000    00000010     rtsv7M4_T_le_eabi.lib : memory.c.obj (.sysmem)
                  20017010    000007f0     --HOLE--

.bss       0    20017800    000000ce     UNINITIALIZED
                  20017800    00000064     main.obj (.bss:g_ucRxBuff)
                  20017864    00000064     main.obj (.bss:g_ucTxBuff)
                  200178c8    00000004     uart_if.obj (.bss)
                  200178cc    00000002     main.obj (.bss)

.data      0    200178d0    0000002c     UNINITIALIZED
                  200178d0    00000015     Adafruit_GFX.obj (.data)
                  200178e5    00000003     --HOLE--
                  200178e8    00000008     rtsv7M4_T_le_eabi.lib : _lock.c.obj (.data:$O1$$)
                  200178f0    00000008                           : memory.c.obj (.data:$O1$$)
                  200178f8    00000004                           : errno.c.obj (.data)

.stack     0    2002f800    00000800     UNINITIALIZED
                  2002f800    00000004     rtsv7M4_T_le_eabi.lib : boot_cortex_m.c.obj (.stack)
                  2002f804    000007fc     --HOLE--

__llvm_prf_cnts 
*          0    20017000    00000000     UNINITIALIZED

MODULE SUMMARY

       Module                       code    ro data   rw data
       ------                       ----    -------   -------
    .\
       Adafruit_GFX.obj             2688    1275      21     
       test.obj                     1810    0         0      
       main.obj                     1348    0         202    
       Adafruit_OLED.obj            1198    0         0      
       startup_ccs.obj              14      1024      0      
       i2c_if.obj                   672     0         0      
       uart_if.obj                  636     0         4      
       pin_mux_config.obj           292     0         0      
    +--+----------------------------+-------+---------+---------+
       Total:                       8658    2299      227    
                                                             
    C:/ti/CC3200SDK_1.5.0/cc3200-sdk/driverlib/ccs/Release/driverlib.a
       spi.obj                      1550    60        0      
       prcm.obj                     800     168       0      
       pin.obj                      328     256       0      
       i2c.obj                      380     0         0      
       uart.obj                     306     0         0      
       interrupt.obj                230     24        0      
       gpio.obj                     86      0         0      
       cpu.obj                      20      0         0      
       utils.obj                    6       0         0      
    +--+----------------------------+-------+---------+---------+
       Total:                       3706    508       0      
                                                             
    C:\ti\ccs1220\ccs\tools\compiler\ti-cgt-arm_20.2.7.LTS\lib\rtsv7M4_T_le_eabi.lib
       _printfi.c.obj               4835    0         0      
       memory.c.obj                 900     0         8      
       fd_add_t2.asm.obj            438     0         0      
       fd_div_t2.asm.obj            310     0         0      
       fd_cmp_t2.asm.obj            268     0         0      
       ctype.c.obj                  0       257       0      
       fd_mul_t2.asm.obj            252     0         0      
       s_scalbn.c.obj               208     0         0      
       memcpy_t2.asm.obj            156     0         0      
       ull_div_t2.asm.obj           150     0         0      
       vsnprintf.c.obj              136     0         0      
       memset_t2.asm.obj            122     0         0      
       copy_decompress_lzss.c.obj   104     0         0      
       s_frexp.c.obj                92      0         0      
       _ltoa.c.obj                  84      0         0      
       atoi.c.obj                   76      0         0      
       fd_toi_t2.asm.obj            72      0         0      
       autoinit.c.obj               68      0         0      
       i_tofd_t2.asm.obj            46      0         0      
       memmov.c.obj                 40      0         0      
       boot_cortex_m.c.obj          36      0         0      
       copy_zero_init.c.obj         28      0         0      
       memccpy.c.obj                28      0         0      
       strchr.c.obj                 22      0         0      
       strlen.c.obj                 20      0         0      
       wcslen.c.obj                 18      0         0      
       copy_decompress_none.c.obj   14      0         0      
       errno.c.obj                  8       0         4      
       s_copysign.c.obj             12      0         0      
       _lock.c.obj                  2       0         8      
       exit.c.obj                   4       0         0      
       pre_init.c.obj               4       0         0      
       div0.asm.obj                 2       0         0      
    +--+----------------------------+-------+---------+---------+
       Total:                       8555    257       20     
                                                             
       Heap:                        0       0         2048   
       Stack:                       0       0         2048   
       Linker Generated:            0       68        0      
    +--+----------------------------+-------+---------+---------+
       Grand Total:                 20919   3132      4343   


LINKER GENERATED COPY TABLES

__TI_cinit_table @ 20009e00 records: 2, size/record: 8, table size: 16
	.data: load addr=20009dc8, load size=00000020 bytes, run addr=200178d0, run size=0000002c bytes, compression=lzss
	.bss: load addr=20009df8, load size=00000008 bytes, run addr=20017800, run size=000000ce bytes, compression=zero_init


LINKER GENERATED HANDLER TABLE

__TI_handler_table @ 20009de8 records: 3, size/record: 4, table size: 12
	index: 0, handler: __TI_decompress_lzss
	index: 1, handler: __TI_decompress_none
	index: 2, handler: __TI_zero_init


GLOBAL SYMBOLS: SORTED ALPHABETICALLY BY Name 

address   name                          
-------   ----                          
200065b5  Adafruit_Init                 
200095cb  C$$EXIT                       
200094fb  CPUcpsie                      
20006cb5  ClearTerm                     
2000672b  Color565                      
20005fe1  DisplayBuffer                 
20006cbf  Error                         
20008fb9  GPIODirModeSet                
20009239  GPIOPinWrite                  
20006cf7  GetCmd                        
20009539  I2CMasterControl              
2000956f  I2CMasterDataGet              
20009461  I2CMasterDataPut              
20009477  I2CMasterEnable               
200090af  I2CMasterErr                  
200087d9  I2CMasterInitExpClk           
2000948d  I2CMasterIntClear             
200093d1  I2CMasterIntEnableEx          
20009299  I2CMasterIntStatusEx          
200091f5  I2CMasterSlaveAddrSet         
2000954b  I2CMasterTimeoutSet           
20006c5f  I2C_IF_Close                  
20006c03  I2C_IF_Open                   
20006b01  I2C_IF_Read                   
20006bbd  I2C_IF_ReadFrom               
20006a51  I2C_IF_Write                  
20006c75  InitTerm                      
200082ad  IntEnable                     
200095a5  IntMasterEnable               
20009259  IntRegister                   
20009511  IntVTableBaseSet              
200060b1  MasterMain                    
20006c93  Message                       
20004dab  Outstr                        
200074dd  PRCMCC3200MCUInit             
200094a3  PRCMHIBRegRead                
200094b9  PRCMHIBRegWrite               
20009135  PRCMPeripheralClkDisable      
20008f7d  PRCMPeripheralClkEnable       
20008529  PRCMPeripheralClockGet        
20008b6d  PRCMPeripheralReset           
200090dd  PRCMSysResetCauseGet          
200085bd  PinConfigSet                  
20008ebd  PinModeSet                    
200078c9  PinMuxConfig                  
20008fef  PinTypeGPIO                   
20009311  PinTypeI2C                    
2000939d  PinTypeSPI                    
200093b7  PinTypeUART                   
20006e35  Report                        
2000958b  ResetISR                      
200093e9  SPICSDisable                  
20009401  SPICSEnable                   
20008355  SPIConfigSetExpClk            
20009279  SPIDataGet                    
20009109  SPIDataGetNonBlocking         
200092b7  SPIDataPut                    
20009419  SPIEnable                     
20008da5  SPIIntClear                   
20008cc1  SPIIntEnable                  
200092d5  SPIIntRegister                
2000885d  SPIIntStatus                  
20009217  SPIReset                      
20008645  SPITransfer                   
2000616f  SlaveMain                     
20006d9d  TrimSpace                     
200094cf  UARTCharGet                   
2000932d  UARTCharGetNonBlocking        
200092f3  UARTCharPut                   
20009431  UARTCharsAvail                
20008953  UARTConfigSetExpClk           
20009021  UARTDisable                   
200091ad  UARTEnable                    
200095c1  UtilsDelay                    
20030000  __STACK_END                   
00000800  __STACK_SIZE                  
00000800  __SYSMEM_SIZE                 
20009e00  __TI_CINIT_Base               
20009e10  __TI_CINIT_Limit              
20009de8  __TI_Handler_Table_Base       
20009df4  __TI_Handler_Table_Limit      
20008e79  __TI_auto_init_nobinit_nopinit
20008aa7  __TI_decompress_lzss          
2000957d  __TI_decompress_none          
20008c1b  __TI_ltoa                     
ffffffff  __TI_pprof_out_hndl           
20004e81  __TI_printfi                  
ffffffff  __TI_prof_data_size           
ffffffff  __TI_prof_data_start          
20009dc8  __TI_static_base__            
20009349  __TI_zero_init_nomemset       
200086cd  __aeabi_cdcmpeq               
200086cd  __aeabi_cdcmple               
20008753  __aeabi_cdrcmple              
20008ded  __aeabi_d2iz                  
2000732f  __aeabi_dadd                  
20007791  __aeabi_ddiv                  
20007c0d  __aeabi_dmul                  
20007325  __aeabi_dsub                  
200095b1  __aeabi_errno_addr            
20009081  __aeabi_i2d                   
200074db  __aeabi_idiv0                 
200074db  __aeabi_ldiv0                 
200088d9  __aeabi_memclr                
200088d9  __aeabi_memclr4               
200088d9  __aeabi_memclr8               
200083f5  __aeabi_memcpy                
200083f5  __aeabi_memcpy4               
200083f5  __aeabi_memcpy8               
200088db  __aeabi_memset                
200088db  __aeabi_memset4               
200088db  __aeabi_memset8               
20008491  __aeabi_uldivmod              
ffffffff  __binit__                     
ffffffff  __c_args__                    
UNDEFED   __mpu_init                    
2002f800  __stack                       
20017000  __start___llvm_prf_cnts       
20017000  __stop___llvm_prf_cnts        
200091d1  _c_int00_noargs               
20009acb  _ctypes_                      
200178e8  _lock                         
200069d3  _nop                          
20017000  _sys_memory                   
UNDEFED   _system_post_cinit            
200095c7  _system_pre_init              
200178ec  _unlock                       
200095cb  abort                         
20007b0d  aligned_alloc                 
20008d59  atoi                          
ffffffff  binit                         
20006235  boundCoordinate               
20009599  copysign                      
20009599  copysignl                     
200178d0  cursor_x                      
200178d4  cursor_y                      
200058cf  delay                         
20004c5f  drawChar                      
20004401  drawCircle                    
20004535  drawCircleHelper              
200068dd  drawFastHLine                 
20006841  drawFastVLine                 
2000477b  drawLine                      
20006979  drawPixel                     
20004867  drawRect                      
200048b5  drawRoundRect                 
20004a1d  drawTriangle                  
200178f8  errno                         
20004653  fillCircle                    
2000468d  fillCircleHelper              
20006783  fillRect                      
200049a3  fillRoundRect                 
2000676d  fillScreen                    
20004a5f  fillTriangle                  
20007d09  free                          
20008b11  frexp                         
20008b11  frexpl                        
20004000  g_pfnVectors                  
200066e7  goTo                          
20004e5f  height                        
200069b7  invert                        
20005e41  lcdTestPattern                
20005f11  lcdTestPattern2               
20007fa1  ldexp                         
20007fa1  ldexpl                        
200063a1  main                          
200095b9  malloc                        
20007b0d  memalign                      
20009381  memccpy                       
200083f5  memcpy                        
20009185  memmove                       
200088e1  memset                        
20006213  newCoordinate                 
20007ded  realloc                       
20007fa1  scalbn                        
20007fa1  scalbnl                       
20004df7  setCursor                     
20004e2f  setTextColor                  
20004e0f  setTextSize                   
20004e47  setTextWrap                   
200094e5  strchr                        
20009525  strlen                        
20005b05  testdrawcircles               
20005975  testdrawrects                 
20005903  testfastlines                 
20005a93  testfillcircles               
200059d5  testfillrects                 
20005c73  testlines                     
20005c01  testroundrects                
20005b7f  testtriangles                 
200178e0  textbgcolor                   
200178dc  textcolor                     
200178d8  textsize                      
200061df  tiltToRate                    
20008efd  vsnprintf                     
2000955d  wcslen                        
20004e5b  width                         
200178e4  wrap                          
20006525  writeCommand                  
2000656d  writeData                     


GLOBAL SYMBOLS: SORTED BY Symbol Address 

address   name                          
-------   ----                          
00000800  __STACK_SIZE                  
00000800  __SYSMEM_SIZE                 
20004000  g_pfnVectors                  
20004401  drawCircle                    
20004535  drawCircleHelper              
20004653  fillCircle                    
2000468d  fillCircleHelper              
2000477b  drawLine                      
20004867  drawRect                      
200048b5  drawRoundRect                 
200049a3  fillRoundRect                 
20004a1d  drawTriangle                  
20004a5f  fillTriangle                  
20004c5f  drawChar                      
20004dab  Outstr                        
20004df7  setCursor                     
20004e0f  setTextSize                   
20004e2f  setTextColor                  
20004e47  setTextWrap                   
20004e5b  width                         
20004e5f  height                        
20004e81  __TI_printfi                  
200058cf  delay                         
20005903  testfastlines                 
20005975  testdrawrects                 
200059d5  testfillrects                 
20005a93  testfillcircles               
20005b05  testdrawcircles               
20005b7f  testtriangles                 
20005c01  testroundrects                
20005c73  testlines                     
20005e41  lcdTestPattern                
20005f11  lcdTestPattern2               
20005fe1  DisplayBuffer                 
200060b1  MasterMain                    
2000616f  SlaveMain                     
200061df  tiltToRate                    
20006213  newCoordinate                 
20006235  boundCoordinate               
200063a1  main                          
20006525  writeCommand                  
2000656d  writeData                     
200065b5  Adafruit_Init                 
200066e7  goTo                          
2000672b  Color565                      
2000676d  fillScreen                    
20006783  fillRect                      
20006841  drawFastVLine                 
200068dd  drawFastHLine                 
20006979  drawPixel                     
200069b7  invert                        
200069d3  _nop                          
20006a51  I2C_IF_Write                  
20006b01  I2C_IF_Read                   
20006bbd  I2C_IF_ReadFrom               
20006c03  I2C_IF_Open                   
20006c5f  I2C_IF_Close                  
20006c75  InitTerm                      
20006c93  Message                       
20006cb5  ClearTerm                     
20006cbf  Error                         
20006cf7  GetCmd                        
20006d9d  TrimSpace                     
20006e35  Report                        
20007325  __aeabi_dsub                  
2000732f  __aeabi_dadd                  
200074db  __aeabi_idiv0                 
200074db  __aeabi_ldiv0                 
200074dd  PRCMCC3200MCUInit             
20007791  __aeabi_ddiv                  
200078c9  PinMuxConfig                  
20007b0d  aligned_alloc                 
20007b0d  memalign                      
20007c0d  __aeabi_dmul                  
20007d09  free                          
20007ded  realloc                       
20007fa1  ldexp                         
20007fa1  ldexpl                        
20007fa1  scalbn                        
20007fa1  scalbnl                       
200082ad  IntEnable                     
20008355  SPIConfigSetExpClk            
200083f5  __aeabi_memcpy                
200083f5  __aeabi_memcpy4               
200083f5  __aeabi_memcpy8               
200083f5  memcpy                        
20008491  __aeabi_uldivmod              
20008529  PRCMPeripheralClockGet        
200085bd  PinConfigSet                  
20008645  SPITransfer                   
200086cd  __aeabi_cdcmpeq               
200086cd  __aeabi_cdcmple               
20008753  __aeabi_cdrcmple              
200087d9  I2CMasterInitExpClk           
2000885d  SPIIntStatus                  
200088d9  __aeabi_memclr                
200088d9  __aeabi_memclr4               
200088d9  __aeabi_memclr8               
200088db  __aeabi_memset                
200088db  __aeabi_memset4               
200088db  __aeabi_memset8               
200088e1  memset                        
20008953  UARTConfigSetExpClk           
20008aa7  __TI_decompress_lzss          
20008b11  frexp                         
20008b11  frexpl                        
20008b6d  PRCMPeripheralReset           
20008c1b  __TI_ltoa                     
20008cc1  SPIIntEnable                  
20008d59  atoi                          
20008da5  SPIIntClear                   
20008ded  __aeabi_d2iz                  
20008e79  __TI_auto_init_nobinit_nopinit
20008ebd  PinModeSet                    
20008efd  vsnprintf                     
20008f7d  PRCMPeripheralClkEnable       
20008fb9  GPIODirModeSet                
20008fef  PinTypeGPIO                   
20009021  UARTDisable                   
20009081  __aeabi_i2d                   
200090af  I2CMasterErr                  
200090dd  PRCMSysResetCauseGet          
20009109  SPIDataGetNonBlocking         
20009135  PRCMPeripheralClkDisable      
20009185  memmove                       
200091ad  UARTEnable                    
200091d1  _c_int00_noargs               
200091f5  I2CMasterSlaveAddrSet         
20009217  SPIReset                      
20009239  GPIOPinWrite                  
20009259  IntRegister                   
20009279  SPIDataGet                    
20009299  I2CMasterIntStatusEx          
200092b7  SPIDataPut                    
200092d5  SPIIntRegister                
200092f3  UARTCharPut                   
20009311  PinTypeI2C                    
2000932d  UARTCharGetNonBlocking        
20009349  __TI_zero_init_nomemset       
20009381  memccpy                       
2000939d  PinTypeSPI                    
200093b7  PinTypeUART                   
200093d1  I2CMasterIntEnableEx          
200093e9  SPICSDisable                  
20009401  SPICSEnable                   
20009419  SPIEnable                     
20009431  UARTCharsAvail                
20009461  I2CMasterDataPut              
20009477  I2CMasterEnable               
2000948d  I2CMasterIntClear             
200094a3  PRCMHIBRegRead                
200094b9  PRCMHIBRegWrite               
200094cf  UARTCharGet                   
200094e5  strchr                        
200094fb  CPUcpsie                      
20009511  IntVTableBaseSet              
20009525  strlen                        
20009539  I2CMasterControl              
2000954b  I2CMasterTimeoutSet           
2000955d  wcslen                        
2000956f  I2CMasterDataGet              
2000957d  __TI_decompress_none          
2000958b  ResetISR                      
20009599  copysign                      
20009599  copysignl                     
200095a5  IntMasterEnable               
200095b1  __aeabi_errno_addr            
200095b9  malloc                        
200095c1  UtilsDelay                    
200095c7  _system_pre_init              
200095cb  C$$EXIT                       
200095cb  abort                         
20009acb  _ctypes_                      
20009dc8  __TI_static_base__            
20009de8  __TI_Handler_Table_Base       
20009df4  __TI_Handler_Table_Limit      
20009e00  __TI_CINIT_Base               
20009e10  __TI_CINIT_Limit              
20017000  __start___llvm_prf_cnts       
20017000  __stop___llvm_prf_cnts        
20017000  _sys_memory                   
200178d0  cursor_x                      
200178d4  cursor_y                      
200178d8  textsize                      
200178dc  textcolor                     
200178e0  textbgcolor                   
200178e4  wrap                          
200178e8  _lock                         
200178ec  _unlock                       
200178f8  errno                         
2002f800  __stack                       
20030000  __STACK_END                   
ffffffff  __TI_pprof_out_hndl           
ffffffff  __TI_prof_data_size           
ffffffff  __TI_prof_data_start          
ffffffff  __binit__                     
ffffffff  __c_args__                    
ffffffff  binit                         
UNDEFED   __mpu_init                    
UNDEFED   _system_post_cinit            

[200 symbols]
