******************************************************************************
                  TI ARM Linker PC v20.2.7                     
******************************************************************************
>> Linked Fri Apr 14 10:14:59 2023

OUTPUT FILE NAME:   <Lab2.out>
ENTRY POINT SYMBOL: "_c_int00_noargs"  address: 20008dc1


MEMORY CONFIGURATION

         name            origin    length      used     unused   attr    fill
----------------------  --------  ---------  --------  --------  ----  --------
  SRAM_CODE             20004000   00013000  00005dfa  0000d206  RW X
  SRAM_DATA             20017000   00019000  000010fa  00017f06  RW X


SEGMENT ALLOCATION MAP

run origin  load origin   length   init length attrs members
----------  ----------- ---------- ----------- ----- -------
20004000    20004000    00005e00   00005e00    r-x
  20004000    20004000    00000400   00000400    r-- .intvecs
  20004400    20004400    00004cbe   00004cbe    r-x .text
  200090c0    200090c0    00000cf4   00000cf4    r-- .const
  20009db8    20009db8    00000048   00000048    r-- .cinit
20017000    20017000    000008fc   00000000    rw-
  20017000    20017000    00000800   00000000    rw- .sysmem
  20017800    20017800    000000ce   00000000    rw- .bss
  200178d0    200178d0    0000002c   00000000    rw- .data
2002f800    2002f800    00000800   00000000    rw-
  2002f800    2002f800    00000800   00000000    rw- .stack


SECTION ALLOCATION MAP

 output                                  attributes/
section   page    origin      length       input sections
--------  ----  ----------  ----------   ----------------
.intvecs   0    20004000    00000400     
                  20004000    00000400     startup_ccs.obj (.intvecs)

.init_array 
*          0    20004000    00000000     UNINITIALIZED

.text      0    20004400    00004cbe     
                  20004400    00000a80     Adafruit_GFX.obj (.text)
                  20004e80    00000a4e     rtsv7M4_T_le_eabi.lib : _printfi.c.obj (.text:__TI_printfi)
                  200058ce    00000712     test.obj (.text)
                  20005fe0    000004ae     Adafruit_OLED.obj (.text)
                  2000648e    00000002     rtsv7M4_T_le_eabi.lib : _lock.c.obj (.text:_nop)
                  20006490    00000460     main.obj (.text)
                  200068f0    0000027c     uart_if.obj (.text)
                  20006b6c    00000268     rtsv7M4_T_le_eabi.lib : _printfi.c.obj (.text:_pconv_a)
                  20006dd4    000001cc                           : _printfi.c.obj (.text:_pconv_g)
                  20006fa0    000001b6                           : fd_add_t2.asm.obj (.text)
                  20007156    00000002                           : div0.asm.obj (.text)
                  20007158    00000178     driverlib.a : prcm.obj (.text:PRCMCC3200MCUInit)
                  200072d0    0000013c     rtsv7M4_T_le_eabi.lib : _printfi.c.obj (.text:_pconv_e)
                  2000740c    00000136                           : fd_div_t2.asm.obj (.text)
                  20007542    00000002     --HOLE-- [fill = 0]
                  20007544    00000120                           : _printfi.c.obj (.text:fcvt)
                  20007664    00000114     pin_mux_config.obj (.text)
                  20007778    00000100     rtsv7M4_T_le_eabi.lib : memory.c.obj (.text:aligned_alloc)
                  20007878    000000fc                           : fd_mul_t2.asm.obj (.text)
                  20007974    000000e4                           : memory.c.obj (.text:free)
                  20007a58    000000e4                           : memory.c.obj (.text:realloc)
                  20007b3c    000000d0     driverlib.a : spi.obj (.text:SPITransfer32)
                  20007c0c    000000d0     rtsv7M4_T_le_eabi.lib : s_scalbn.c.obj (.text:scalbn)
                  20007cdc    000000ce     driverlib.a : spi.obj (.text:SPITransfer16)
                  20007daa    000000b8                 : spi.obj (.text:SPITransfer8)
                  20007e62    00000002     --HOLE-- [fill = 0]
                  20007e64    000000b1     rtsv7M4_T_le_eabi.lib : _printfi.c.obj (.text:_ltostr)
                  20007f15    00000003     --HOLE-- [fill = 0]
                  20007f18    000000a8     driverlib.a : interrupt.obj (.text:IntEnable)
                  20007fc0    000000a0                 : spi.obj (.text:SPIConfigSetExpClk)
                  20008060    0000009c     rtsv7M4_T_le_eabi.lib : memcpy_t2.asm.obj (.text)
                  200080fc    00000096                           : ull_div_t2.asm.obj (.text)
                  20008192    00000002     --HOLE-- [fill = 0]
                  20008194    00000094     driverlib.a : prcm.obj (.text:PRCMPeripheralClockGet)
                  20008228    00000088                 : pin.obj (.text:PinConfigSet)
                  200082b0    00000088                 : spi.obj (.text:SPITransfer)
                  20008338    00000086     rtsv7M4_T_le_eabi.lib : fd_cmp_t2.asm.obj (.text:__aeabi_cdcmple)
                  200083be    00000086                           : fd_cmp_t2.asm.obj (.text:__aeabi_cdrcmple)
                  20008444    0000007c     driverlib.a : spi.obj (.text:SPIIntStatus)
                  200084c0    0000007a     rtsv7M4_T_le_eabi.lib : memset_t2.asm.obj (.text)
                  2000853a    00000076     driverlib.a : uart.obj (.text:UARTConfigSetExpClk)
                  200085b0    00000070     rtsv7M4_T_le_eabi.lib : memory.c.obj (.text:split)
                  20008620    0000006e                           : _printfi.c.obj (.text:_mcpy)
                  2000868e    00000068                           : copy_decompress_lzss.c.obj (.text:decompress:lzss:__TI_decompress_lzss)
                  200086f6    00000002     --HOLE-- [fill = 0]
                  200086f8    0000005c                           : s_frexp.c.obj (.text:frexp)
                  20008754    00000058     driverlib.a : prcm.obj (.text:PRCMPeripheralReset)
                  200087ac    00000056     rtsv7M4_T_le_eabi.lib : _printfi.c.obj (.text:_pconv_f)
                  20008802    00000054                           : _ltoa.c.obj (.text:__TI_ltoa)
                  20008856    00000052                           : _printfi.c.obj (.text:_ecpy)
                  200088a8    0000004c     driverlib.a : spi.obj (.text:SPIIntEnable)
                  200088f4    0000004c                 : spi.obj (.text:SPIIntNumberGet)
                  20008940    0000004c     rtsv7M4_T_le_eabi.lib : atoi.c.obj (.text:atoi)
                  2000898c    00000048     driverlib.a : spi.obj (.text:SPIIntClear)
                  200089d4    00000048     rtsv7M4_T_le_eabi.lib : fd_toi_t2.asm.obj (.text)
                  20008a1c    00000044     driverlib.a : spi.obj (.text:SPIDmaMaskGet)
                  20008a60    00000044     rtsv7M4_T_le_eabi.lib : autoinit.c.obj (.text:__TI_auto_init_nobinit_nopinit:__TI_auto_init_nobinit_nopinit)
                  20008aa4    00000040     driverlib.a : pin.obj (.text:PinModeSet)
                  20008ae4    00000040     rtsv7M4_T_le_eabi.lib : vsnprintf.c.obj (.text:vsnprintf)
                  20008b24    0000003e                           : _printfi.c.obj (.text:_fcpy)
                  20008b62    00000002     --HOLE-- [fill = 0]
                  20008b64    0000003c     driverlib.a : prcm.obj (.text:PRCMPeripheralClkEnable)
                  20008ba0    00000036                 : gpio.obj (.text:GPIODirModeSet)
                  20008bd6    00000036     rtsv7M4_T_le_eabi.lib : strncpy.c.obj (.text:strncpy)
                  20008c0c    00000030     driverlib.a : pin.obj (.text:PinTypeGPIO)
                  20008c3c    00000030                 : uart.obj (.text:UARTDisable)
                  20008c6c    00000030     rtsv7M4_T_le_eabi.lib : vsnprintf.c.obj (.text:_outs)
                  20008c9c    0000002e                           : i_tofd_t2.asm.obj (.text)
                  20008cca    00000002     --HOLE-- [fill = 0]
                  20008ccc    0000002c     driverlib.a : prcm.obj (.text:PRCMSysResetCauseGet)
                  20008cf8    0000002a                 : spi.obj (.text:SPIDataGetNonBlocking)
                  20008d22    00000002     --HOLE-- [fill = 0]
                  20008d24    00000028                 : prcm.obj (.text:PRCMPeripheralClkDisable)
                  20008d4c    00000028     rtsv7M4_T_le_eabi.lib : memory.c.obj (.text:free_list_insert)
                  20008d74    00000028                           : memmov.c.obj (.text:memmove)
                  20008d9c    00000024     driverlib.a : uart.obj (.text:UARTEnable)
                  20008dc0    00000024     rtsv7M4_T_le_eabi.lib : boot_cortex_m.c.obj (.text:_c_int00_noargs:_c_int00_noargs)
                  20008de4    00000022     driverlib.a : spi.obj (.text:SPIReset)
                  20008e06    00000020                 : gpio.obj (.text:GPIOPinWrite)
                  20008e26    00000002     --HOLE-- [fill = 0]
                  20008e28    00000020                 : interrupt.obj (.text:IntRegister)
                  20008e48    00000020                 : spi.obj (.text:SPIDataGet)
                  20008e68    0000001e                 : spi.obj (.text:SPIDataPut)
                  20008e86    0000001e                 : spi.obj (.text:SPIIntRegister)
                  20008ea4    0000001e                 : uart.obj (.text:UARTCharPut)
                  20008ec2    0000001c                 : uart.obj (.text:UARTCharGetNonBlocking)
                  20008ede    0000001c     rtsv7M4_T_le_eabi.lib : copy_zero_init.c.obj (.text:decompress:ZI:__TI_zero_init_nomemset:__TI_zero_init_nomemset)
                  20008efa    00000002     --HOLE-- [fill = 0]
                  20008efc    0000001c                           : memory.c.obj (.text:free_list_remove)
                  20008f18    0000001c                           : memccpy.c.obj (.text:memccpy)
                  20008f34    0000001a     driverlib.a : pin.obj (.text:PinTypeSPI)
                  20008f4e    00000018                 : spi.obj (.text:SPICSDisable)
                  20008f66    00000018                 : spi.obj (.text:SPICSEnable)
                  20008f7e    00000018                 : spi.obj (.text:SPIEnable)
                  20008f96    00000018                 : uart.obj (.text:UARTCharsAvail)
                  20008fae    00000018     rtsv7M4_T_le_eabi.lib : vsnprintf.c.obj (.text:_outc)
                  20008fc6    00000016     driverlib.a : prcm.obj (.text:PRCMHIBRegRead)
                  20008fdc    00000016                 : prcm.obj (.text:PRCMHIBRegWrite)
                  20008ff2    00000016                 : uart.obj (.text:UARTCharGet)
                  20009008    00000016     rtsv7M4_T_le_eabi.lib : strchr.c.obj (.text:strchr)
                  2000901e    00000014     driverlib.a : cpu.obj (.text:CPUcpsie)
                  20009032    00000002     --HOLE-- [fill = 0]
                  20009034    00000014                 : interrupt.obj (.text:IntVTableBaseSet)
                  20009048    00000014     rtsv7M4_T_le_eabi.lib : strlen.c.obj (.text:strlen)
                  2000905c    00000012                           : wcslen.c.obj (.text:wcslen)
                  2000906e    0000000e                           : copy_decompress_none.c.obj (.text:decompress:none:__TI_decompress_none)
                  2000907c    0000000e     startup_ccs.obj (.text)
                  2000908a    0000000c     rtsv7M4_T_le_eabi.lib : s_copysign.c.obj (.text:copysign)
                  20009096    0000000a     driverlib.a : interrupt.obj (.text:IntMasterEnable)
                  200090a0    00000008     rtsv7M4_T_le_eabi.lib : errno.c.obj (.text:__aeabi_errno_addr)
                  200090a8    00000008                           : memory.c.obj (.text:malloc)
                  200090b0    00000006     driverlib.a : utils.obj (.text:UtilsDelay)
                  200090b6    00000004     rtsv7M4_T_le_eabi.lib : pre_init.c.obj (.text:_system_pre_init)
                  200090ba    00000004                           : exit.c.obj (.text:abort:abort)

.const     0    200090c0    00000cf4     
                  200090c0    000004fb     Adafruit_GFX.obj (.const:.string:font)
                  200095bb    000004fb     main.obj (.const:.string:font)
                  20009ab6    00000101     rtsv7M4_T_le_eabi.lib : ctype.c.obj (.const:.string:_ctypes_)
                  20009bb7    00000001     --HOLE-- [fill = 0]
                  20009bb8    00000100     driverlib.a : pin.obj (.const:g_ulPinToPadMap)
                  20009cb8    000000a8                 : prcm.obj (.const:PRCM_PeriphRegsList)
                  20009d60    00000024                 : spi.obj (.const:g_ppulSPIIntMap)
                  20009d84    00000018                 : interrupt.obj (.const:g_pulEnRegs)
                  20009d9c    00000018                 : spi.obj (.const:g_ulSPIDmaMaskMap)

.cinit     0    20009db8    00000048     
                  20009db8    00000020     (.cinit..data.load) [load image, compression = lzss]
                  20009dd8    0000000c     (__TI_handler_table)
                  20009de4    00000004     --HOLE-- [fill = 0]
                  20009de8    00000008     (.cinit..bss.load) [load image, compression = zero_init]
                  20009df0    00000010     (__TI_cinit_table)

.sysmem    0    20017000    00000800     UNINITIALIZED
                  20017000    00000010     rtsv7M4_T_le_eabi.lib : memory.c.obj (.sysmem)
                  20017010    000007f0     --HOLE--

.bss       0    20017800    000000ce     UNINITIALIZED
                  20017800    00000064     main.obj (.bss:g_ucRxBuff)
                  20017864    00000064     main.obj (.bss:g_ucTxBuff)
                  200178c8    00000004     uart_if.obj (.bss)
                  200178cc    00000002     main.obj (.bss)

.data      0    200178d0    0000002c     UNINITIALIZED
                  200178d0    00000015     Adafruit_GFX.obj (.data)
                  200178e5    00000003     --HOLE--
                  200178e8    00000008     rtsv7M4_T_le_eabi.lib : _lock.c.obj (.data:$O1$$)
                  200178f0    00000008                           : memory.c.obj (.data:$O1$$)
                  200178f8    00000004                           : errno.c.obj (.data)

.stack     0    2002f800    00000800     UNINITIALIZED
                  2002f800    00000004     rtsv7M4_T_le_eabi.lib : boot_cortex_m.c.obj (.stack)
                  2002f804    000007fc     --HOLE--

__llvm_prf_cnts 
*          0    20017000    00000000     UNINITIALIZED

MODULE SUMMARY

       Module                       code    ro data   rw data
       ------                       ----    -------   -------
    .\
       Adafruit_GFX.obj             2688    1275      21     
       main.obj                     1120    1275      202    
       test.obj                     1810    0         0      
       Adafruit_OLED.obj            1198    0         0      
       startup_ccs.obj              14      1024      0      
       uart_if.obj                  636     0         4      
       pin_mux_config.obj           276     0         0      
    +--+----------------------------+-------+---------+---------+
       Total:                       7742    3574      227    
                                                             
    C:/ti/CC3200SDK_1.5.0/cc3200-sdk/driverlib/ccs/Release/driverlib.a
       spi.obj                      1550    60        0      
       prcm.obj                     800     168       0      
       pin.obj                      274     256       0      
       uart.obj                     306     0         0      
       interrupt.obj                230     24        0      
       gpio.obj                     86      0         0      
       cpu.obj                      20      0         0      
       utils.obj                    6       0         0      
    +--+----------------------------+-------+---------+---------+
       Total:                       3272    508       0      
                                                             
    C:\ti\ccs1220\ccs\tools\compiler\ti-cgt-arm_20.2.7.LTS\lib\rtsv7M4_T_le_eabi.lib
       _printfi.c.obj               4835    0         0      
       memory.c.obj                 900     0         8      
       fd_add_t2.asm.obj            438     0         0      
       fd_div_t2.asm.obj            310     0         0      
       fd_cmp_t2.asm.obj            268     0         0      
       ctype.c.obj                  0       257       0      
       fd_mul_t2.asm.obj            252     0         0      
       s_scalbn.c.obj               208     0         0      
       memcpy_t2.asm.obj            156     0         0      
       ull_div_t2.asm.obj           150     0         0      
       vsnprintf.c.obj              136     0         0      
       memset_t2.asm.obj            122     0         0      
       copy_decompress_lzss.c.obj   104     0         0      
       s_frexp.c.obj                92      0         0      
       _ltoa.c.obj                  84      0         0      
       atoi.c.obj                   76      0         0      
       fd_toi_t2.asm.obj            72      0         0      
       autoinit.c.obj               68      0         0      
       strncpy.c.obj                54      0         0      
       i_tofd_t2.asm.obj            46      0         0      
       memmov.c.obj                 40      0         0      
       boot_cortex_m.c.obj          36      0         0      
       copy_zero_init.c.obj         28      0         0      
       memccpy.c.obj                28      0         0      
       strchr.c.obj                 22      0         0      
       strlen.c.obj                 20      0         0      
       wcslen.c.obj                 18      0         0      
       copy_decompress_none.c.obj   14      0         0      
       errno.c.obj                  8       0         4      
       s_copysign.c.obj             12      0         0      
       _lock.c.obj                  2       0         8      
       exit.c.obj                   4       0         0      
       pre_init.c.obj               4       0         0      
       div0.asm.obj                 2       0         0      
    +--+----------------------------+-------+---------+---------+
       Total:                       8609    257       20     
                                                             
       Heap:                        0       0         2048   
       Stack:                       0       0         2048   
       Linker Generated:            0       68        0      
    +--+----------------------------+-------+---------+---------+
       Grand Total:                 19623   4407      4343   


LINKER GENERATED COPY TABLES

__TI_cinit_table @ 20009df0 records: 2, size/record: 8, table size: 16
	.data: load addr=20009db8, load size=00000020 bytes, run addr=200178d0, run size=0000002c bytes, compression=lzss
	.bss: load addr=20009de8, load size=00000008 bytes, run addr=20017800, run size=000000ce bytes, compression=zero_init


LINKER GENERATED HANDLER TABLE

__TI_handler_table @ 20009dd8 records: 3, size/record: 4, table size: 12
	index: 0, handler: __TI_decompress_lzss
	index: 1, handler: __TI_decompress_none
	index: 2, handler: __TI_zero_init


GLOBAL SYMBOLS: SORTED ALPHABETICALLY BY Name 

address   name                          
-------   ----                          
20006071  Adafruit_Init                 
200090bb  C$$EXIT                       
2000901f  CPUcpsie                      
20006931  ClearTerm                     
200061e7  Color565                      
2000693b  Error                         
20008ba1  GPIODirModeSet                
20008e07  GPIOPinWrite                  
20006973  GetCmd                        
200068f1  InitTerm                      
20007f19  IntEnable                     
20009097  IntMasterEnable               
20008e29  IntRegister                   
20009035  IntVTableBaseSet              
20006501  MasterMain                    
2000690f  Message                       
20004dab  Outstr                        
20007159  PRCMCC3200MCUInit             
20008fc7  PRCMHIBRegRead                
20008fdd  PRCMHIBRegWrite               
20008d25  PRCMPeripheralClkDisable      
20008b65  PRCMPeripheralClkEnable       
20008195  PRCMPeripheralClockGet        
20008755  PRCMPeripheralReset           
20008ccd  PRCMSysResetCauseGet          
20008229  PinConfigSet                  
20008aa5  PinModeSet                    
20007665  PinMuxConfig                  
20008c0d  PinTypeGPIO                   
20008f35  PinTypeSPI                    
20006ab1  Report                        
2000907d  ResetISR                      
20008f4f  SPICSDisable                  
20008f67  SPICSEnable                   
20007fc1  SPIConfigSetExpClk            
20008e49  SPIDataGet                    
20008cf9  SPIDataGetNonBlocking         
20008e69  SPIDataPut                    
20008f7f  SPIEnable                     
2000898d  SPIIntClear                   
200088a9  SPIIntEnable                  
20008e87  SPIIntRegister                
20008445  SPIIntStatus                  
20008de5  SPIReset                      
200082b1  SPITransfer                   
200065bf  SlaveMain                     
20006a19  TrimSpace                     
20008ff3  UARTCharGet                   
20008ec3  UARTCharGetNonBlocking        
20008ea5  UARTCharPut                   
20008f97  UARTCharsAvail                
2000853b  UARTConfigSetExpClk           
20008c3d  UARTDisable                   
20008d9d  UARTEnable                    
200090b1  UtilsDelay                    
20030000  __STACK_END                   
00000800  __STACK_SIZE                  
00000800  __SYSMEM_SIZE                 
20009df0  __TI_CINIT_Base               
20009e00  __TI_CINIT_Limit              
20009dd8  __TI_Handler_Table_Base       
20009de4  __TI_Handler_Table_Limit      
20008a61  __TI_auto_init_nobinit_nopinit
2000868f  __TI_decompress_lzss          
2000906f  __TI_decompress_none          
20008803  __TI_ltoa                     
ffffffff  __TI_pprof_out_hndl           
20004e81  __TI_printfi                  
ffffffff  __TI_prof_data_size           
ffffffff  __TI_prof_data_start          
20009db8  __TI_static_base__            
20008edf  __TI_zero_init_nomemset       
20008339  __aeabi_cdcmpeq               
20008339  __aeabi_cdcmple               
200083bf  __aeabi_cdrcmple              
200089d5  __aeabi_d2iz                  
20006fab  __aeabi_dadd                  
2000740d  __aeabi_ddiv                  
20007879  __aeabi_dmul                  
20006fa1  __aeabi_dsub                  
200090a1  __aeabi_errno_addr            
20008c9d  __aeabi_i2d                   
20007157  __aeabi_idiv0                 
20007157  __aeabi_ldiv0                 
200084c1  __aeabi_memclr                
200084c1  __aeabi_memclr4               
200084c1  __aeabi_memclr8               
20008061  __aeabi_memcpy                
20008061  __aeabi_memcpy4               
20008061  __aeabi_memcpy8               
200084c3  __aeabi_memset                
200084c3  __aeabi_memset4               
200084c3  __aeabi_memset8               
200080fd  __aeabi_uldivmod              
ffffffff  __binit__                     
ffffffff  __c_args__                    
UNDEFED   __mpu_init                    
2002f800  __stack                       
20017000  __start___llvm_prf_cnts       
20017000  __stop___llvm_prf_cnts        
20008dc1  _c_int00_noargs               
20009ab6  _ctypes_                      
200178e8  _lock                         
2000648f  _nop                          
20017000  _sys_memory                   
UNDEFED   _system_post_cinit            
200090b7  _system_pre_init              
200178ec  _unlock                       
200090bb  abort                         
20007779  aligned_alloc                 
20008941  atoi                          
ffffffff  binit                         
2000908b  copysign                      
2000908b  copysignl                     
200178d0  cursor_x                      
200178d4  cursor_y                      
200058cf  delay                         
20004c5f  drawChar                      
20004401  drawCircle                    
20004535  drawCircleHelper              
20006399  drawFastHLine                 
200062fd  drawFastVLine                 
2000477b  drawLine                      
20006435  drawPixel                     
20004867  drawRect                      
200048b5  drawRoundRect                 
20004a1d  drawTriangle                  
200178f8  errno                         
20004653  fillCircle                    
2000468d  fillCircleHelper              
2000623f  fillRect                      
200049a3  fillRoundRect                 
20006229  fillScreen                    
20004a5f  fillTriangle                  
20007975  free                          
200086f9  frexp                         
200086f9  frexpl                        
20004000  g_pfnVectors                  
200061a3  goTo                          
20004e5f  height                        
20006473  invert                        
20005e41  lcdTestPattern                
20005f11  lcdTestPattern2               
20007c0d  ldexp                         
20007c0d  ldexpl                        
20006645  main                          
200090a9  malloc                        
20007779  memalign                      
20008f19  memccpy                       
20008061  memcpy                        
20008d75  memmove                       
200084c9  memset                        
20007a59  realloc                       
20007c0d  scalbn                        
20007c0d  scalbnl                       
20004df7  setCursor                     
20004e2f  setTextColor                  
20004e0f  setTextSize                   
20004e47  setTextWrap                   
20009009  strchr                        
20009049  strlen                        
20008bd7  strncpy                       
20005b05  testdrawcircles               
20005975  testdrawrects                 
20005903  testfastlines                 
20005a93  testfillcircles               
200059d5  testfillrects                 
20005c73  testlines                     
20005c01  testroundrects                
20005b7f  testtriangles                 
200178e0  textbgcolor                   
200178dc  textcolor                     
200178d8  textsize                      
20008ae5  vsnprintf                     
2000905d  wcslen                        
20004e5b  width                         
200178e4  wrap                          
20005fe1  writeCommand                  
20006029  writeData                     


GLOBAL SYMBOLS: SORTED BY Symbol Address 

address   name                          
-------   ----                          
00000800  __STACK_SIZE                  
00000800  __SYSMEM_SIZE                 
20004000  g_pfnVectors                  
20004401  drawCircle                    
20004535  drawCircleHelper              
20004653  fillCircle                    
2000468d  fillCircleHelper              
2000477b  drawLine                      
20004867  drawRect                      
200048b5  drawRoundRect                 
200049a3  fillRoundRect                 
20004a1d  drawTriangle                  
20004a5f  fillTriangle                  
20004c5f  drawChar                      
20004dab  Outstr                        
20004df7  setCursor                     
20004e0f  setTextSize                   
20004e2f  setTextColor                  
20004e47  setTextWrap                   
20004e5b  width                         
20004e5f  height                        
20004e81  __TI_printfi                  
200058cf  delay                         
20005903  testfastlines                 
20005975  testdrawrects                 
200059d5  testfillrects                 
20005a93  testfillcircles               
20005b05  testdrawcircles               
20005b7f  testtriangles                 
20005c01  testroundrects                
20005c73  testlines                     
20005e41  lcdTestPattern                
20005f11  lcdTestPattern2               
20005fe1  writeCommand                  
20006029  writeData                     
20006071  Adafruit_Init                 
200061a3  goTo                          
200061e7  Color565                      
20006229  fillScreen                    
2000623f  fillRect                      
200062fd  drawFastVLine                 
20006399  drawFastHLine                 
20006435  drawPixel                     
20006473  invert                        
2000648f  _nop                          
20006501  MasterMain                    
200065bf  SlaveMain                     
20006645  main                          
200068f1  InitTerm                      
2000690f  Message                       
20006931  ClearTerm                     
2000693b  Error                         
20006973  GetCmd                        
20006a19  TrimSpace                     
20006ab1  Report                        
20006fa1  __aeabi_dsub                  
20006fab  __aeabi_dadd                  
20007157  __aeabi_idiv0                 
20007157  __aeabi_ldiv0                 
20007159  PRCMCC3200MCUInit             
2000740d  __aeabi_ddiv                  
20007665  PinMuxConfig                  
20007779  aligned_alloc                 
20007779  memalign                      
20007879  __aeabi_dmul                  
20007975  free                          
20007a59  realloc                       
20007c0d  ldexp                         
20007c0d  ldexpl                        
20007c0d  scalbn                        
20007c0d  scalbnl                       
20007f19  IntEnable                     
20007fc1  SPIConfigSetExpClk            
20008061  __aeabi_memcpy                
20008061  __aeabi_memcpy4               
20008061  __aeabi_memcpy8               
20008061  memcpy                        
200080fd  __aeabi_uldivmod              
20008195  PRCMPeripheralClockGet        
20008229  PinConfigSet                  
200082b1  SPITransfer                   
20008339  __aeabi_cdcmpeq               
20008339  __aeabi_cdcmple               
200083bf  __aeabi_cdrcmple              
20008445  SPIIntStatus                  
200084c1  __aeabi_memclr                
200084c1  __aeabi_memclr4               
200084c1  __aeabi_memclr8               
200084c3  __aeabi_memset                
200084c3  __aeabi_memset4               
200084c3  __aeabi_memset8               
200084c9  memset                        
2000853b  UARTConfigSetExpClk           
2000868f  __TI_decompress_lzss          
200086f9  frexp                         
200086f9  frexpl                        
20008755  PRCMPeripheralReset           
20008803  __TI_ltoa                     
200088a9  SPIIntEnable                  
20008941  atoi                          
2000898d  SPIIntClear                   
200089d5  __aeabi_d2iz                  
20008a61  __TI_auto_init_nobinit_nopinit
20008aa5  PinModeSet                    
20008ae5  vsnprintf                     
20008b65  PRCMPeripheralClkEnable       
20008ba1  GPIODirModeSet                
20008bd7  strncpy                       
20008c0d  PinTypeGPIO                   
20008c3d  UARTDisable                   
20008c9d  __aeabi_i2d                   
20008ccd  PRCMSysResetCauseGet          
20008cf9  SPIDataGetNonBlocking         
20008d25  PRCMPeripheralClkDisable      
20008d75  memmove                       
20008d9d  UARTEnable                    
20008dc1  _c_int00_noargs               
20008de5  SPIReset                      
20008e07  GPIOPinWrite                  
20008e29  IntRegister                   
20008e49  SPIDataGet                    
20008e69  SPIDataPut                    
20008e87  SPIIntRegister                
20008ea5  UARTCharPut                   
20008ec3  UARTCharGetNonBlocking        
20008edf  __TI_zero_init_nomemset       
20008f19  memccpy                       
20008f35  PinTypeSPI                    
20008f4f  SPICSDisable                  
20008f67  SPICSEnable                   
20008f7f  SPIEnable                     
20008f97  UARTCharsAvail                
20008fc7  PRCMHIBRegRead                
20008fdd  PRCMHIBRegWrite               
20008ff3  UARTCharGet                   
20009009  strchr                        
2000901f  CPUcpsie                      
20009035  IntVTableBaseSet              
20009049  strlen                        
2000905d  wcslen                        
2000906f  __TI_decompress_none          
2000907d  ResetISR                      
2000908b  copysign                      
2000908b  copysignl                     
20009097  IntMasterEnable               
200090a1  __aeabi_errno_addr            
200090a9  malloc                        
200090b1  UtilsDelay                    
200090b7  _system_pre_init              
200090bb  C$$EXIT                       
200090bb  abort                         
20009ab6  _ctypes_                      
20009db8  __TI_static_base__            
20009dd8  __TI_Handler_Table_Base       
20009de4  __TI_Handler_Table_Limit      
20009df0  __TI_CINIT_Base               
20009e00  __TI_CINIT_Limit              
20017000  __start___llvm_prf_cnts       
20017000  __stop___llvm_prf_cnts        
20017000  _sys_memory                   
200178d0  cursor_x                      
200178d4  cursor_y                      
200178d8  textsize                      
200178dc  textcolor                     
200178e0  textbgcolor                   
200178e4  wrap                          
200178e8  _lock                         
200178ec  _unlock                       
200178f8  errno                         
2002f800  __stack                       
20030000  __STACK_END                   
ffffffff  __TI_pprof_out_hndl           
ffffffff  __TI_prof_data_size           
ffffffff  __TI_prof_data_start          
ffffffff  __binit__                     
ffffffff  __c_args__                    
ffffffff  binit                         
UNDEFED   __mpu_init                    
UNDEFED   _system_post_cinit            

[179 symbols]
