<?xml version="1.0" encoding="ISO-8859-1" ?>
<link_info>
   <banner>TI ARM Linker PC v20.2.7.LTS</banner>
   <copyright>Copyright (c) 1996-2018 Texas Instruments Incorporated</copyright>
   <link_time>0x6452e810</link_time>
   <link_errors>0x0</link_errors>
   <output_file>Lab3_1.out</output_file>
   <entry_point>
      <name>_c_int00_noargs</name>
      <address>0x20008005</address>
   </entry_point>
   <input_file_list>
      <input_file id="fl-2">
         <path>.\</path>
         <kind>object</kind>
         <file>Adafruit_GFX.obj</file>
         <name>Adafruit_GFX.obj</name>
      </input_file>
      <input_file id="fl-3">
         <path>.\</path>
         <kind>object</kind>
         <file>Adafruit_OLED.obj</file>
         <name>Adafruit_OLED.obj</name>
      </input_file>
      <input_file id="fl-4">
         <path>.\</path>
         <kind>object</kind>
         <file>i2c_if.obj</file>
         <name>i2c_if.obj</name>
      </input_file>
      <input_file id="fl-5">
         <path>.\</path>
         <kind>object</kind>
         <file>main.obj</file>
         <name>main.obj</name>
      </input_file>
      <input_file id="fl-6">
         <path>.\</path>
         <kind>object</kind>
         <file>pin_mux_config.obj</file>
         <name>pin_mux_config.obj</name>
      </input_file>
      <input_file id="fl-7">
         <path>.\</path>
         <kind>object</kind>
         <file>startup_ccs.obj</file>
         <name>startup_ccs.obj</name>
      </input_file>
      <input_file id="fl-8">
         <path>.\</path>
         <kind>object</kind>
         <file>test.obj</file>
         <name>test.obj</name>
      </input_file>
      <input_file id="fl-9">
         <path>.\</path>
         <kind>object</kind>
         <file>uart_if.obj</file>
         <name>uart_if.obj</name>
      </input_file>
      <input_file id="fl-e">
         <kind>object</kind>
         <file>&lt;internal&gt;</file>
         <name>&lt;internal&gt;</name>
      </input_file>
      <input_file id="fl-f">
         <path>C:\ti\CC3200SDK_1.5.0\cc3200-sdk\driverlib\ccs\Release\</path>
         <kind>archive</kind>
         <file>driverlib.a</file>
         <name>gpio.obj</name>
      </input_file>
      <input_file id="fl-10">
         <path>C:\ti\CC3200SDK_1.5.0\cc3200-sdk\driverlib\ccs\Release\</path>
         <kind>archive</kind>
         <file>driverlib.a</file>
         <name>i2c.obj</name>
      </input_file>
      <input_file id="fl-11">
         <path>C:\ti\CC3200SDK_1.5.0\cc3200-sdk\driverlib\ccs\Release\</path>
         <kind>archive</kind>
         <file>driverlib.a</file>
         <name>interrupt.obj</name>
      </input_file>
      <input_file id="fl-12">
         <path>C:\ti\CC3200SDK_1.5.0\cc3200-sdk\driverlib\ccs\Release\</path>
         <kind>archive</kind>
         <file>driverlib.a</file>
         <name>pin.obj</name>
      </input_file>
      <input_file id="fl-13">
         <path>C:\ti\CC3200SDK_1.5.0\cc3200-sdk\driverlib\ccs\Release\</path>
         <kind>archive</kind>
         <file>driverlib.a</file>
         <name>prcm.obj</name>
      </input_file>
      <input_file id="fl-14">
         <path>C:\ti\CC3200SDK_1.5.0\cc3200-sdk\driverlib\ccs\Release\</path>
         <kind>archive</kind>
         <file>driverlib.a</file>
         <name>spi.obj</name>
      </input_file>
      <input_file id="fl-15">
         <path>C:\ti\CC3200SDK_1.5.0\cc3200-sdk\driverlib\ccs\Release\</path>
         <kind>archive</kind>
         <file>driverlib.a</file>
         <name>systick.obj</name>
      </input_file>
      <input_file id="fl-16">
         <path>C:\ti\CC3200SDK_1.5.0\cc3200-sdk\driverlib\ccs\Release\</path>
         <kind>archive</kind>
         <file>driverlib.a</file>
         <name>uart.obj</name>
      </input_file>
      <input_file id="fl-17">
         <path>C:\ti\CC3200SDK_1.5.0\cc3200-sdk\driverlib\ccs\Release\</path>
         <kind>archive</kind>
         <file>driverlib.a</file>
         <name>utils.obj</name>
      </input_file>
      <input_file id="fl-18">
         <path>C:\ti\CC3200SDK_1.5.0\cc3200-sdk\driverlib\ccs\Release\</path>
         <kind>archive</kind>
         <file>driverlib.a</file>
         <name>cpu.obj</name>
      </input_file>
      <input_file id="fl-19">
         <path>C:\ti\CC3200SDK_1.5.0\cc3200-sdk\driverlib\ccs\Release\</path>
         <kind>archive</kind>
         <file>driverlib.a</file>
         <name>flash.obj</name>
      </input_file>
      <input_file id="fl-cf">
         <path>C:\ti\ccs1220\ccs\tools\compiler\ti-cgt-arm_20.2.7.LTS\lib\</path>
         <kind>archive</kind>
         <file>rtsv7M4_T_le_eabi.lib</file>
         <name>vsnprintf.c.obj</name>
      </input_file>
      <input_file id="fl-d0">
         <path>C:\ti\ccs1220\ccs\tools\compiler\ti-cgt-arm_20.2.7.LTS\lib\</path>
         <kind>archive</kind>
         <file>rtsv7M4_T_le_eabi.lib</file>
         <name>ll_mul_t2.asm.obj</name>
      </input_file>
      <input_file id="fl-d1">
         <path>C:\ti\ccs1220\ccs\tools\compiler\ti-cgt-arm_20.2.7.LTS\lib\</path>
         <kind>archive</kind>
         <file>rtsv7M4_T_le_eabi.lib</file>
         <name>memcpy_t2.asm.obj</name>
      </input_file>
      <input_file id="fl-d2">
         <path>C:\ti\ccs1220\ccs\tools\compiler\ti-cgt-arm_20.2.7.LTS\lib\</path>
         <kind>archive</kind>
         <file>rtsv7M4_T_le_eabi.lib</file>
         <name>ull_div_t2.asm.obj</name>
      </input_file>
      <input_file id="fl-d3">
         <path>C:\ti\ccs1220\ccs\tools\compiler\ti-cgt-arm_20.2.7.LTS\lib\</path>
         <kind>archive</kind>
         <file>rtsv7M4_T_le_eabi.lib</file>
         <name>copy_zero_init.c.obj</name>
      </input_file>
      <input_file id="fl-d4">
         <path>C:\ti\ccs1220\ccs\tools\compiler\ti-cgt-arm_20.2.7.LTS\lib\</path>
         <kind>archive</kind>
         <file>rtsv7M4_T_le_eabi.lib</file>
         <name>copy_decompress_none.c.obj</name>
      </input_file>
      <input_file id="fl-d5">
         <path>C:\ti\ccs1220\ccs\tools\compiler\ti-cgt-arm_20.2.7.LTS\lib\</path>
         <kind>archive</kind>
         <file>rtsv7M4_T_le_eabi.lib</file>
         <name>copy_decompress_lzss.c.obj</name>
      </input_file>
      <input_file id="fl-d6">
         <path>C:\ti\ccs1220\ccs\tools\compiler\ti-cgt-arm_20.2.7.LTS\lib\</path>
         <kind>archive</kind>
         <file>rtsv7M4_T_le_eabi.lib</file>
         <name>memmov.c.obj</name>
      </input_file>
      <input_file id="fl-d7">
         <path>C:\ti\ccs1220\ccs\tools\compiler\ti-cgt-arm_20.2.7.LTS\lib\</path>
         <kind>archive</kind>
         <file>rtsv7M4_T_le_eabi.lib</file>
         <name>memory.c.obj</name>
      </input_file>
      <input_file id="fl-d8">
         <path>C:\ti\ccs1220\ccs\tools\compiler\ti-cgt-arm_20.2.7.LTS\lib\</path>
         <kind>archive</kind>
         <file>rtsv7M4_T_le_eabi.lib</file>
         <name>strlen.c.obj</name>
      </input_file>
      <input_file id="fl-d9">
         <path>C:\ti\ccs1220\ccs\tools\compiler\ti-cgt-arm_20.2.7.LTS\lib\</path>
         <kind>archive</kind>
         <file>rtsv7M4_T_le_eabi.lib</file>
         <name>boot_cortex_m.c.obj</name>
      </input_file>
      <input_file id="fl-da">
         <path>C:\ti\ccs1220\ccs\tools\compiler\ti-cgt-arm_20.2.7.LTS\lib\</path>
         <kind>archive</kind>
         <file>rtsv7M4_T_le_eabi.lib</file>
         <name>_printfi.c.obj</name>
      </input_file>
      <input_file id="fl-db">
         <path>C:\ti\ccs1220\ccs\tools\compiler\ti-cgt-arm_20.2.7.LTS\lib\</path>
         <kind>archive</kind>
         <file>rtsv7M4_T_le_eabi.lib</file>
         <name>div0.asm.obj</name>
      </input_file>
      <input_file id="fl-dc">
         <path>C:\ti\ccs1220\ccs\tools\compiler\ti-cgt-arm_20.2.7.LTS\lib\</path>
         <kind>archive</kind>
         <file>rtsv7M4_T_le_eabi.lib</file>
         <name>fd_add_t2.asm.obj</name>
      </input_file>
      <input_file id="fl-dd">
         <path>C:\ti\ccs1220\ccs\tools\compiler\ti-cgt-arm_20.2.7.LTS\lib\</path>
         <kind>archive</kind>
         <file>rtsv7M4_T_le_eabi.lib</file>
         <name>fd_cmp_t2.asm.obj</name>
      </input_file>
      <input_file id="fl-de">
         <path>C:\ti\ccs1220\ccs\tools\compiler\ti-cgt-arm_20.2.7.LTS\lib\</path>
         <kind>archive</kind>
         <file>rtsv7M4_T_le_eabi.lib</file>
         <name>fd_div_t2.asm.obj</name>
      </input_file>
      <input_file id="fl-df">
         <path>C:\ti\ccs1220\ccs\tools\compiler\ti-cgt-arm_20.2.7.LTS\lib\</path>
         <kind>archive</kind>
         <file>rtsv7M4_T_le_eabi.lib</file>
         <name>fd_mul_t2.asm.obj</name>
      </input_file>
      <input_file id="fl-e0">
         <path>C:\ti\ccs1220\ccs\tools\compiler\ti-cgt-arm_20.2.7.LTS\lib\</path>
         <kind>archive</kind>
         <file>rtsv7M4_T_le_eabi.lib</file>
         <name>fd_toi_t2.asm.obj</name>
      </input_file>
      <input_file id="fl-e1">
         <path>C:\ti\ccs1220\ccs\tools\compiler\ti-cgt-arm_20.2.7.LTS\lib\</path>
         <kind>archive</kind>
         <file>rtsv7M4_T_le_eabi.lib</file>
         <name>i_tofd_t2.asm.obj</name>
      </input_file>
      <input_file id="fl-e2">
         <path>C:\ti\ccs1220\ccs\tools\compiler\ti-cgt-arm_20.2.7.LTS\lib\</path>
         <kind>archive</kind>
         <file>rtsv7M4_T_le_eabi.lib</file>
         <name>memset_t2.asm.obj</name>
      </input_file>
      <input_file id="fl-e3">
         <path>C:\ti\ccs1220\ccs\tools\compiler\ti-cgt-arm_20.2.7.LTS\lib\</path>
         <kind>archive</kind>
         <file>rtsv7M4_T_le_eabi.lib</file>
         <name>autoinit.c.obj</name>
      </input_file>
      <input_file id="fl-e4">
         <path>C:\ti\ccs1220\ccs\tools\compiler\ti-cgt-arm_20.2.7.LTS\lib\</path>
         <kind>archive</kind>
         <file>rtsv7M4_T_le_eabi.lib</file>
         <name>pre_init.c.obj</name>
      </input_file>
      <input_file id="fl-e5">
         <path>C:\ti\ccs1220\ccs\tools\compiler\ti-cgt-arm_20.2.7.LTS\lib\</path>
         <kind>archive</kind>
         <file>rtsv7M4_T_le_eabi.lib</file>
         <name>cpy_tbl.c.obj</name>
      </input_file>
      <input_file id="fl-e6">
         <path>C:\ti\ccs1220\ccs\tools\compiler\ti-cgt-arm_20.2.7.LTS\lib\</path>
         <kind>archive</kind>
         <file>rtsv7M4_T_le_eabi.lib</file>
         <name>exit.c.obj</name>
      </input_file>
      <input_file id="fl-e7">
         <path>C:\ti\ccs1220\ccs\tools\compiler\ti-cgt-arm_20.2.7.LTS\lib\</path>
         <kind>archive</kind>
         <file>rtsv7M4_T_le_eabi.lib</file>
         <name>_lock.c.obj</name>
      </input_file>
      <input_file id="fl-e8">
         <path>C:\ti\ccs1220\ccs\tools\compiler\ti-cgt-arm_20.2.7.LTS\lib\</path>
         <kind>archive</kind>
         <file>rtsv7M4_T_le_eabi.lib</file>
         <name>_ltoa.c.obj</name>
      </input_file>
      <input_file id="fl-e9">
         <path>C:\ti\ccs1220\ccs\tools\compiler\ti-cgt-arm_20.2.7.LTS\lib\</path>
         <kind>archive</kind>
         <file>rtsv7M4_T_le_eabi.lib</file>
         <name>args_main.c.obj</name>
      </input_file>
      <input_file id="fl-ea">
         <path>C:\ti\ccs1220\ccs\tools\compiler\ti-cgt-arm_20.2.7.LTS\lib\</path>
         <kind>archive</kind>
         <file>rtsv7M4_T_le_eabi.lib</file>
         <name>atoi.c.obj</name>
      </input_file>
      <input_file id="fl-eb">
         <path>C:\ti\ccs1220\ccs\tools\compiler\ti-cgt-arm_20.2.7.LTS\lib\</path>
         <kind>archive</kind>
         <file>rtsv7M4_T_le_eabi.lib</file>
         <name>ctype.c.obj</name>
      </input_file>
      <input_file id="fl-ec">
         <path>C:\ti\ccs1220\ccs\tools\compiler\ti-cgt-arm_20.2.7.LTS\lib\</path>
         <kind>archive</kind>
         <file>rtsv7M4_T_le_eabi.lib</file>
         <name>memccpy.c.obj</name>
      </input_file>
      <input_file id="fl-ed">
         <path>C:\ti\ccs1220\ccs\tools\compiler\ti-cgt-arm_20.2.7.LTS\lib\</path>
         <kind>archive</kind>
         <file>rtsv7M4_T_le_eabi.lib</file>
         <name>strchr.c.obj</name>
      </input_file>
      <input_file id="fl-ee">
         <path>C:\ti\ccs1220\ccs\tools\compiler\ti-cgt-arm_20.2.7.LTS\lib\</path>
         <kind>archive</kind>
         <file>rtsv7M4_T_le_eabi.lib</file>
         <name>errno.c.obj</name>
      </input_file>
      <input_file id="fl-ef">
         <path>C:\ti\ccs1220\ccs\tools\compiler\ti-cgt-arm_20.2.7.LTS\lib\</path>
         <kind>archive</kind>
         <file>rtsv7M4_T_le_eabi.lib</file>
         <name>wcslen.c.obj</name>
      </input_file>
      <input_file id="fl-f0">
         <path>C:\ti\ccs1220\ccs\tools\compiler\ti-cgt-arm_20.2.7.LTS\lib\</path>
         <kind>archive</kind>
         <file>rtsv7M4_T_le_eabi.lib</file>
         <name>s_frexp.c.obj</name>
      </input_file>
      <input_file id="fl-f1">
         <path>C:\ti\ccs1220\ccs\tools\compiler\ti-cgt-arm_20.2.7.LTS\lib\</path>
         <kind>archive</kind>
         <file>rtsv7M4_T_le_eabi.lib</file>
         <name>s_scalbn.c.obj</name>
      </input_file>
      <input_file id="fl-f2">
         <path>C:\ti\ccs1220\ccs\tools\compiler\ti-cgt-arm_20.2.7.LTS\lib\</path>
         <kind>archive</kind>
         <file>rtsv7M4_T_le_eabi.lib</file>
         <name>s_copysign.c.obj</name>
      </input_file>
   </input_file_list>
   <object_component_list>
      <object_component id="oc-12">
         <name>.intvecs</name>
         <load_address>0x20004000</load_address>
         <run_address>0x20004000</run_address>
         <size>0x400</size>
         <input_file_ref idref="fl-7"/>
      </object_component>
      <object_component id="oc-97">
         <name>.text</name>
         <load_address>0x20004400</load_address>
         <run_address>0x20004400</run_address>
         <size>0xbdc</size>
         <input_file_ref idref="fl-5"/>
      </object_component>
      <object_component id="oc-2f9">
         <name>.text:__TI_printfi</name>
         <load_address>0x20004fdc</load_address>
         <run_address>0x20004fdc</run_address>
         <size>0xa4e</size>
         <input_file_ref idref="fl-da"/>
      </object_component>
      <object_component id="oc-37b">
         <name>.text:_nop</name>
         <load_address>0x20005a2a</load_address>
         <run_address>0x20005a2a</run_address>
         <size>0x2</size>
         <input_file_ref idref="fl-e7"/>
      </object_component>
      <object_component id="oc-146">
         <name>.text</name>
         <load_address>0x20005a2c</load_address>
         <run_address>0x20005a2c</run_address>
         <size>0x4ae</size>
         <input_file_ref idref="fl-3"/>
      </object_component>
      <object_component id="oc-293">
         <name>.text</name>
         <load_address>0x20005eda</load_address>
         <run_address>0x20005eda</run_address>
         <size>0x2</size>
         <input_file_ref idref="fl-db"/>
      </object_component>
      <object_component id="oc-c5">
         <name>.text</name>
         <load_address>0x20005edc</load_address>
         <run_address>0x20005edc</run_address>
         <size>0x27c</size>
         <input_file_ref idref="fl-9"/>
      </object_component>
      <object_component id="oc-3bd">
         <name>.text:_pconv_a</name>
         <load_address>0x20006158</load_address>
         <run_address>0x20006158</run_address>
         <size>0x268</size>
         <input_file_ref idref="fl-da"/>
      </object_component>
      <object_component id="oc-3ab">
         <name>.text:_pconv_g</name>
         <load_address>0x200063c0</load_address>
         <run_address>0x200063c0</run_address>
         <size>0x1cc</size>
         <input_file_ref idref="fl-da"/>
      </object_component>
      <object_component id="oc-438">
         <name>.text</name>
         <load_address>0x2000658c</load_address>
         <run_address>0x2000658c</run_address>
         <size>0x1b6</size>
         <input_file_ref idref="fl-dc"/>
      </object_component>
      <object_component id="oc-e0">
         <name>.text:PRCMCC3200MCUInit</name>
         <load_address>0x20006744</load_address>
         <run_address>0x20006744</run_address>
         <size>0x178</size>
         <input_file_ref idref="fl-13"/>
      </object_component>
      <object_component id="oc-3b7">
         <name>.text:_pconv_e</name>
         <load_address>0x200068bc</load_address>
         <run_address>0x200068bc</run_address>
         <size>0x13c</size>
         <input_file_ref idref="fl-da"/>
      </object_component>
      <object_component id="oc-168">
         <name>.text</name>
         <load_address>0x200069f8</load_address>
         <run_address>0x200069f8</run_address>
         <size>0x13c</size>
         <input_file_ref idref="fl-6"/>
      </object_component>
      <object_component id="oc-41e">
         <name>.text</name>
         <load_address>0x20006b34</load_address>
         <run_address>0x20006b34</run_address>
         <size>0x136</size>
         <input_file_ref idref="fl-de"/>
      </object_component>
      <object_component id="oc-44a">
         <name>.text:fcvt</name>
         <load_address>0x20006c6c</load_address>
         <run_address>0x20006c6c</run_address>
         <size>0x120</size>
         <input_file_ref idref="fl-da"/>
      </object_component>
      <object_component id="oc-31d">
         <name>.text:aligned_alloc</name>
         <load_address>0x20006d8c</load_address>
         <run_address>0x20006d8c</run_address>
         <size>0x100</size>
         <input_file_ref idref="fl-d7"/>
      </object_component>
      <object_component id="oc-419">
         <name>.text</name>
         <load_address>0x20006e8c</load_address>
         <run_address>0x20006e8c</run_address>
         <size>0xfc</size>
         <input_file_ref idref="fl-df"/>
      </object_component>
      <object_component id="oc-1fe">
         <name>.text:free</name>
         <load_address>0x20006f88</load_address>
         <run_address>0x20006f88</run_address>
         <size>0xe4</size>
         <input_file_ref idref="fl-d7"/>
      </object_component>
      <object_component id="oc-1f8">
         <name>.text:realloc</name>
         <load_address>0x2000706c</load_address>
         <run_address>0x2000706c</run_address>
         <size>0xe4</size>
         <input_file_ref idref="fl-d7"/>
      </object_component>
      <object_component id="oc-45e">
         <name>.text:scalbn</name>
         <load_address>0x20007150</load_address>
         <run_address>0x20007150</run_address>
         <size>0xd0</size>
         <input_file_ref idref="fl-f1"/>
      </object_component>
      <object_component id="oc-3a0">
         <name>.text:_ltostr</name>
         <load_address>0x20007220</load_address>
         <run_address>0x20007220</run_address>
         <size>0xb1</size>
         <input_file_ref idref="fl-da"/>
      </object_component>
      <object_component id="oc-da">
         <name>.text:IntEnable</name>
         <load_address>0x200072d4</load_address>
         <run_address>0x200072d4</run_address>
         <size>0xa8</size>
         <input_file_ref idref="fl-11"/>
      </object_component>
      <object_component id="oc-13a">
         <name>.text:SPIConfigSetExpClk</name>
         <load_address>0x2000737c</load_address>
         <run_address>0x2000737c</run_address>
         <size>0xa0</size>
         <input_file_ref idref="fl-14"/>
      </object_component>
      <object_component id="oc-3d">
         <name>.text</name>
         <load_address>0x2000741c</load_address>
         <run_address>0x2000741c</run_address>
         <size>0x9c</size>
         <input_file_ref idref="fl-d1"/>
      </object_component>
      <object_component id="oc-152">
         <name>.text</name>
         <load_address>0x200074b8</load_address>
         <run_address>0x200074b8</run_address>
         <size>0x96</size>
         <input_file_ref idref="fl-d2"/>
      </object_component>
      <object_component id="oc-134">
         <name>.text:PRCMPeripheralClockGet</name>
         <load_address>0x20007550</load_address>
         <run_address>0x20007550</run_address>
         <size>0x94</size>
         <input_file_ref idref="fl-13"/>
      </object_component>
      <object_component id="oc-36c">
         <name>.text:PinConfigSet</name>
         <load_address>0x200075e4</load_address>
         <run_address>0x200075e4</run_address>
         <size>0x88</size>
         <input_file_ref idref="fl-12"/>
      </object_component>
      <object_component id="oc-3a6">
         <name>.text:__aeabi_cdcmple</name>
         <load_address>0x2000766c</load_address>
         <run_address>0x2000766c</run_address>
         <size>0x86</size>
         <input_file_ref idref="fl-dd"/>
      </object_component>
      <object_component id="oc-423">
         <name>.text:__aeabi_cdrcmple</name>
         <load_address>0x200076f2</load_address>
         <run_address>0x200076f2</run_address>
         <size>0x86</size>
         <input_file_ref idref="fl-dd"/>
      </object_component>
      <object_component id="oc-174">
         <name>.text:GPIOIntTypeSet</name>
         <load_address>0x20007778</load_address>
         <run_address>0x20007778</run_address>
         <size>0x82</size>
         <input_file_ref idref="fl-f"/>
      </object_component>
      <object_component id="oc-8b">
         <name>.text</name>
         <load_address>0x200077fa</load_address>
         <run_address>0x200077fa</run_address>
         <size>0x7a</size>
         <input_file_ref idref="fl-e2"/>
      </object_component>
      <object_component id="oc-fe">
         <name>.text:UARTConfigSetExpClk</name>
         <load_address>0x20007874</load_address>
         <run_address>0x20007874</run_address>
         <size>0x76</size>
         <input_file_ref idref="fl-16"/>
      </object_component>
      <object_component id="oc-32a">
         <name>.text:split</name>
         <load_address>0x200078ec</load_address>
         <run_address>0x200078ec</run_address>
         <size>0x70</size>
         <input_file_ref idref="fl-d7"/>
      </object_component>
      <object_component id="oc-443">
         <name>.text:_mcpy</name>
         <load_address>0x2000795c</load_address>
         <run_address>0x2000795c</run_address>
         <size>0x6e</size>
         <input_file_ref idref="fl-da"/>
      </object_component>
      <object_component id="oc-15">
         <name>.text:decompress:lzss:__TI_decompress_lzss</name>
         <load_address>0x200079ca</load_address>
         <run_address>0x200079ca</run_address>
         <size>0x68</size>
         <input_file_ref idref="fl-d5"/>
      </object_component>
      <object_component id="oc-458">
         <name>.text:frexp</name>
         <load_address>0x20007a34</load_address>
         <run_address>0x20007a34</run_address>
         <size>0x5c</size>
         <input_file_ref idref="fl-f0"/>
      </object_component>
      <object_component id="oc-238">
         <name>.text:PRCMPeripheralReset</name>
         <load_address>0x20007a90</load_address>
         <run_address>0x20007a90</run_address>
         <size>0x58</size>
         <input_file_ref idref="fl-13"/>
      </object_component>
      <object_component id="oc-3b1">
         <name>.text:_pconv_f</name>
         <load_address>0x20007ae8</load_address>
         <run_address>0x20007ae8</run_address>
         <size>0x56</size>
         <input_file_ref idref="fl-da"/>
      </object_component>
      <object_component id="oc-42d">
         <name>.text:__TI_ltoa</name>
         <load_address>0x20007b3e</load_address>
         <run_address>0x20007b3e</run_address>
         <size>0x54</size>
         <input_file_ref idref="fl-e8"/>
      </object_component>
      <object_component id="oc-43d">
         <name>.text:_ecpy</name>
         <load_address>0x20007b92</load_address>
         <run_address>0x20007b92</run_address>
         <size>0x52</size>
         <input_file_ref idref="fl-da"/>
      </object_component>
      <object_component id="oc-39a">
         <name>.text:atoi</name>
         <load_address>0x20007be4</load_address>
         <run_address>0x20007be4</run_address>
         <size>0x4c</size>
         <input_file_ref idref="fl-ea"/>
      </object_component>
      <object_component id="oc-2bb">
         <name>.text:GPIOGetIntNumber</name>
         <load_address>0x20007c30</load_address>
         <run_address>0x20007c30</run_address>
         <size>0x48</size>
         <input_file_ref idref="fl-f"/>
      </object_component>
      <object_component id="oc-428">
         <name>.text</name>
         <load_address>0x20007c78</load_address>
         <run_address>0x20007c78</run_address>
         <size>0x48</size>
         <input_file_ref idref="fl-e0"/>
      </object_component>
      <object_component id="oc-25e">
         <name>.text:UARTIntNumberGet</name>
         <load_address>0x20007cc0</load_address>
         <run_address>0x20007cc0</run_address>
         <size>0x44</size>
         <input_file_ref idref="fl-16"/>
      </object_component>
      <object_component id="oc-19c">
         <name>.text:__TI_auto_init_nobinit_nopinit:__TI_auto_init_nobinit_nopinit</name>
         <load_address>0x20007d04</load_address>
         <run_address>0x20007d04</run_address>
         <size>0x44</size>
         <input_file_ref idref="fl-e3"/>
      </object_component>
      <object_component id="oc-29c">
         <name>.text:PinModeSet</name>
         <load_address>0x20007d48</load_address>
         <run_address>0x20007d48</run_address>
         <size>0x40</size>
         <input_file_ref idref="fl-12"/>
      </object_component>
      <object_component id="oc-1d4">
         <name>.text:vsnprintf</name>
         <load_address>0x20007d88</load_address>
         <run_address>0x20007d88</run_address>
         <size>0x40</size>
         <input_file_ref idref="fl-cf"/>
      </object_component>
      <object_component id="oc-450">
         <name>.text:_fcpy</name>
         <load_address>0x20007dc8</load_address>
         <run_address>0x20007dc8</run_address>
         <size>0x3e</size>
         <input_file_ref idref="fl-da"/>
      </object_component>
      <object_component id="oc-128">
         <name>.text:PRCMPeripheralClkEnable</name>
         <load_address>0x20007e08</load_address>
         <run_address>0x20007e08</run_address>
         <size>0x3c</size>
         <input_file_ref idref="fl-13"/>
      </object_component>
      <object_component id="oc-2a8">
         <name>.text:GPIODirModeSet</name>
         <load_address>0x20007e44</load_address>
         <run_address>0x20007e44</run_address>
         <size>0x36</size>
         <input_file_ref idref="fl-f"/>
      </object_component>
      <object_component id="oc-2a2">
         <name>.text:PinTypeGPIO</name>
         <load_address>0x20007e7a</load_address>
         <run_address>0x20007e7a</run_address>
         <size>0x30</size>
         <input_file_ref idref="fl-12"/>
      </object_component>
      <object_component id="oc-250">
         <name>.text:UARTDisable</name>
         <load_address>0x20007eac</load_address>
         <run_address>0x20007eac</run_address>
         <size>0x30</size>
         <input_file_ref idref="fl-16"/>
      </object_component>
      <object_component id="oc-2ff">
         <name>.text:_outs</name>
         <load_address>0x20007edc</load_address>
         <run_address>0x20007edc</run_address>
         <size>0x30</size>
         <input_file_ref idref="fl-cf"/>
      </object_component>
      <object_component id="oc-433">
         <name>.text</name>
         <load_address>0x20007f0c</load_address>
         <run_address>0x20007f0c</run_address>
         <size>0x2e</size>
         <input_file_ref idref="fl-e1"/>
      </object_component>
      <object_component id="oc-226">
         <name>.text:PRCMSysResetCauseGet</name>
         <load_address>0x20007f3c</load_address>
         <run_address>0x20007f3c</run_address>
         <size>0x2c</size>
         <input_file_ref idref="fl-13"/>
      </object_component>
      <object_component id="oc-23e">
         <name>.text:PRCMPeripheralClkDisable</name>
         <load_address>0x20007f68</load_address>
         <run_address>0x20007f68</run_address>
         <size>0x28</size>
         <input_file_ref idref="fl-13"/>
      </object_component>
      <object_component id="oc-331">
         <name>.text:free_list_insert</name>
         <load_address>0x20007f90</load_address>
         <run_address>0x20007f90</run_address>
         <size>0x28</size>
         <input_file_ref idref="fl-d7"/>
      </object_component>
      <object_component id="oc-1ec">
         <name>.text:memmove</name>
         <load_address>0x20007fb8</load_address>
         <run_address>0x20007fb8</run_address>
         <size>0x28</size>
         <input_file_ref idref="fl-d6"/>
      </object_component>
      <object_component id="oc-256">
         <name>.text:UARTEnable</name>
         <load_address>0x20007fe0</load_address>
         <run_address>0x20007fe0</run_address>
         <size>0x24</size>
         <input_file_ref idref="fl-16"/>
      </object_component>
      <object_component id="oc-5b">
         <name>.text:_c_int00_noargs:_c_int00_noargs</name>
         <load_address>0x20008004</load_address>
         <run_address>0x20008004</run_address>
         <size>0x24</size>
         <input_file_ref idref="fl-d9"/>
      </object_component>
      <object_component id="oc-15c">
         <name>.text:GPIOIntStatus</name>
         <load_address>0x20008028</load_address>
         <run_address>0x20008028</run_address>
         <size>0x22</size>
         <input_file_ref idref="fl-f"/>
      </object_component>
      <object_component id="oc-12e">
         <name>.text:SPIReset</name>
         <load_address>0x2000804a</load_address>
         <run_address>0x2000804a</run_address>
         <size>0x22</size>
         <input_file_ref idref="fl-14"/>
      </object_component>
      <object_component id="oc-278">
         <name>.text:GPIOPinWrite</name>
         <load_address>0x2000806c</load_address>
         <run_address>0x2000806c</run_address>
         <size>0x20</size>
         <input_file_ref idref="fl-f"/>
      </object_component>
      <object_component id="oc-246">
         <name>.text:IntRegister</name>
         <load_address>0x2000808c</load_address>
         <run_address>0x2000808c</run_address>
         <size>0x20</size>
         <input_file_ref idref="fl-11"/>
      </object_component>
      <object_component id="oc-284">
         <name>.text:SPIDataGet</name>
         <load_address>0x200080ac</load_address>
         <run_address>0x200080ac</run_address>
         <size>0x20</size>
         <input_file_ref idref="fl-14"/>
      </object_component>
      <object_component id="oc-16e">
         <name>.text:GPIOIntRegister</name>
         <load_address>0x200080cc</load_address>
         <run_address>0x200080cc</run_address>
         <size>0x1e</size>
         <input_file_ref idref="fl-f"/>
      </object_component>
      <object_component id="oc-27e">
         <name>.text:SPIDataPut</name>
         <load_address>0x200080ea</load_address>
         <run_address>0x200080ea</run_address>
         <size>0x1e</size>
         <input_file_ref idref="fl-14"/>
      </object_component>
      <object_component id="oc-1ce">
         <name>.text:UARTCharPut</name>
         <load_address>0x20008108</load_address>
         <run_address>0x20008108</run_address>
         <size>0x1e</size>
         <input_file_ref idref="fl-16"/>
      </object_component>
      <object_component id="oc-10a">
         <name>.text:UARTIntRegister</name>
         <load_address>0x20008126</load_address>
         <run_address>0x20008126</run_address>
         <size>0x1e</size>
         <input_file_ref idref="fl-16"/>
      </object_component>
      <object_component id="oc-116">
         <name>.text:UARTIntStatus</name>
         <load_address>0x20008144</load_address>
         <run_address>0x20008144</run_address>
         <size>0x1e</size>
         <input_file_ref idref="fl-16"/>
      </object_component>
      <object_component id="oc-ec">
         <name>.text:SysTickIntRegister</name>
         <load_address>0x20008164</load_address>
         <run_address>0x20008164</run_address>
         <size>0x1c</size>
         <input_file_ref idref="fl-15"/>
      </object_component>
      <object_component id="oc-1e0">
         <name>.text:UARTCharGetNonBlocking</name>
         <load_address>0x20008180</load_address>
         <run_address>0x20008180</run_address>
         <size>0x1c</size>
         <input_file_ref idref="fl-16"/>
      </object_component>
      <object_component id="oc-49">
         <name>.text:decompress:ZI:__TI_zero_init_nomemset:__TI_zero_init_nomemset</name>
         <load_address>0x2000819c</load_address>
         <run_address>0x2000819c</run_address>
         <size>0x1c</size>
         <input_file_ref idref="fl-d3"/>
      </object_component>
      <object_component id="oc-324">
         <name>.text:free_list_remove</name>
         <load_address>0x200081b8</load_address>
         <run_address>0x200081b8</run_address>
         <size>0x1c</size>
         <input_file_ref idref="fl-d7"/>
      </object_component>
      <object_component id="oc-3c3">
         <name>.text:memccpy</name>
         <load_address>0x200081d4</load_address>
         <run_address>0x200081d4</run_address>
         <size>0x1c</size>
         <input_file_ref idref="fl-ec"/>
      </object_component>
      <object_component id="oc-17a">
         <name>.text:GPIOIntEnable</name>
         <load_address>0x200081f0</load_address>
         <run_address>0x200081f0</run_address>
         <size>0x1a</size>
         <input_file_ref idref="fl-f"/>
      </object_component>
      <object_component id="oc-2ae">
         <name>.text:PinTypeSPI</name>
         <load_address>0x2000820a</load_address>
         <run_address>0x2000820a</run_address>
         <size>0x1a</size>
         <input_file_ref idref="fl-12"/>
      </object_component>
      <object_component id="oc-2b4">
         <name>.text:PinTypeUART</name>
         <load_address>0x20008224</load_address>
         <run_address>0x20008224</run_address>
         <size>0x1a</size>
         <input_file_ref idref="fl-12"/>
      </object_component>
      <object_component id="oc-28a">
         <name>.text:SPICSDisable</name>
         <load_address>0x2000823e</load_address>
         <run_address>0x2000823e</run_address>
         <size>0x18</size>
         <input_file_ref idref="fl-14"/>
      </object_component>
      <object_component id="oc-272">
         <name>.text:SPICSEnable</name>
         <load_address>0x20008256</load_address>
         <run_address>0x20008256</run_address>
         <size>0x18</size>
         <input_file_ref idref="fl-14"/>
      </object_component>
      <object_component id="oc-140">
         <name>.text:SPIEnable</name>
         <load_address>0x2000826e</load_address>
         <run_address>0x2000826e</run_address>
         <size>0x18</size>
         <input_file_ref idref="fl-14"/>
      </object_component>
      <object_component id="oc-e6">
         <name>.text:SysTickPeriodSet</name>
         <load_address>0x20008288</load_address>
         <run_address>0x20008288</run_address>
         <size>0x18</size>
         <input_file_ref idref="fl-15"/>
      </object_component>
      <object_component id="oc-1da">
         <name>.text:UARTCharsAvail</name>
         <load_address>0x200082a0</load_address>
         <run_address>0x200082a0</run_address>
         <size>0x18</size>
         <input_file_ref idref="fl-16"/>
      </object_component>
      <object_component id="oc-110">
         <name>.text:UARTFIFOLevelSet</name>
         <load_address>0x200082b8</load_address>
         <run_address>0x200082b8</run_address>
         <size>0x18</size>
         <input_file_ref idref="fl-16"/>
      </object_component>
      <object_component id="oc-122">
         <name>.text:UARTIntEnable</name>
         <load_address>0x200082d0</load_address>
         <run_address>0x200082d0</run_address>
         <size>0x18</size>
         <input_file_ref idref="fl-16"/>
      </object_component>
      <object_component id="oc-305">
         <name>.text:_outc</name>
         <load_address>0x200082e8</load_address>
         <run_address>0x200082e8</run_address>
         <size>0x18</size>
         <input_file_ref idref="fl-cf"/>
      </object_component>
      <object_component id="oc-157">
         <name>.text</name>
         <load_address>0x20008300</load_address>
         <run_address>0x20008300</run_address>
         <size>0x18</size>
         <input_file_ref idref="fl-d0"/>
      </object_component>
      <object_component id="oc-22c">
         <name>.text:PRCMHIBRegRead</name>
         <load_address>0x20008318</load_address>
         <run_address>0x20008318</run_address>
         <size>0x16</size>
         <input_file_ref idref="fl-13"/>
      </object_component>
      <object_component id="oc-232">
         <name>.text:PRCMHIBRegWrite</name>
         <load_address>0x2000832e</load_address>
         <run_address>0x2000832e</run_address>
         <size>0x16</size>
         <input_file_ref idref="fl-13"/>
      </object_component>
      <object_component id="oc-104">
         <name>.text:UARTFIFODisable</name>
         <load_address>0x20008344</load_address>
         <run_address>0x20008344</run_address>
         <size>0x16</size>
         <input_file_ref idref="fl-16"/>
      </object_component>
      <object_component id="oc-464">
         <name>.text:strchr</name>
         <load_address>0x2000835a</load_address>
         <run_address>0x2000835a</run_address>
         <size>0x16</size>
         <input_file_ref idref="fl-ed"/>
      </object_component>
      <object_component id="oc-216">
         <name>.text:CPUcpsie</name>
         <load_address>0x20008370</load_address>
         <run_address>0x20008370</run_address>
         <size>0x14</size>
         <input_file_ref idref="fl-18"/>
      </object_component>
      <object_component id="oc-162">
         <name>.text:GPIOIntClear</name>
         <load_address>0x20008384</load_address>
         <run_address>0x20008384</run_address>
         <size>0x14</size>
         <input_file_ref idref="fl-f"/>
      </object_component>
      <object_component id="oc-ce">
         <name>.text:IntVTableBaseSet</name>
         <load_address>0x20008398</load_address>
         <run_address>0x20008398</run_address>
         <size>0x14</size>
         <input_file_ref idref="fl-11"/>
      </object_component>
      <object_component id="oc-1e6">
         <name>.text:strlen</name>
         <load_address>0x200083ac</load_address>
         <run_address>0x200083ac</run_address>
         <size>0x14</size>
         <input_file_ref idref="fl-d8"/>
      </object_component>
      <object_component id="oc-11c">
         <name>.text:UARTIntClear</name>
         <load_address>0x200083c0</load_address>
         <run_address>0x200083c0</run_address>
         <size>0x12</size>
         <input_file_ref idref="fl-16"/>
      </object_component>
      <object_component id="oc-3c9">
         <name>.text:wcslen</name>
         <load_address>0x200083d2</load_address>
         <run_address>0x200083d2</run_address>
         <size>0x12</size>
         <input_file_ref idref="fl-ef"/>
      </object_component>
      <object_component id="oc-f8">
         <name>.text:SysTickEnable</name>
         <load_address>0x200083e4</load_address>
         <run_address>0x200083e4</run_address>
         <size>0x10</size>
         <input_file_ref idref="fl-15"/>
      </object_component>
      <object_component id="oc-f2">
         <name>.text:SysTickIntEnable</name>
         <load_address>0x200083f4</load_address>
         <run_address>0x200083f4</run_address>
         <size>0x10</size>
         <input_file_ref idref="fl-15"/>
      </object_component>
      <object_component id="oc-1b">
         <name>.text:decompress:none:__TI_decompress_none</name>
         <load_address>0x20008404</load_address>
         <run_address>0x20008404</run_address>
         <size>0xe</size>
         <input_file_ref idref="fl-d4"/>
      </object_component>
      <object_component id="oc-29">
         <name>.text</name>
         <load_address>0x20008412</load_address>
         <run_address>0x20008412</run_address>
         <size>0xe</size>
         <input_file_ref idref="fl-7"/>
      </object_component>
      <object_component id="oc-14c">
         <name>.text:SysTickValueGet</name>
         <load_address>0x20008420</load_address>
         <run_address>0x20008420</run_address>
         <size>0xc</size>
         <input_file_ref idref="fl-15"/>
      </object_component>
      <object_component id="oc-4a1">
         <name>.text:copysign</name>
         <load_address>0x2000842c</load_address>
         <run_address>0x2000842c</run_address>
         <size>0xc</size>
         <input_file_ref idref="fl-f2"/>
      </object_component>
      <object_component id="oc-d4">
         <name>.text:IntMasterEnable</name>
         <load_address>0x20008438</load_address>
         <run_address>0x20008438</run_address>
         <size>0xa</size>
         <input_file_ref idref="fl-11"/>
      </object_component>
      <object_component id="oc-3cf">
         <name>.text:__aeabi_errno_addr</name>
         <load_address>0x20008444</load_address>
         <run_address>0x20008444</run_address>
         <size>0x8</size>
         <input_file_ref idref="fl-ee"/>
      </object_component>
      <object_component id="oc-1f2">
         <name>.text:malloc</name>
         <load_address>0x2000844c</load_address>
         <run_address>0x2000844c</run_address>
         <size>0x8</size>
         <input_file_ref idref="fl-d7"/>
      </object_component>
      <object_component id="oc-34c">
         <name>.text:UtilsDelay</name>
         <load_address>0x20008454</load_address>
         <run_address>0x20008454</run_address>
         <size>0x6</size>
         <input_file_ref idref="fl-17"/>
      </object_component>
      <object_component id="oc-91">
         <name>.text:_system_pre_init</name>
         <load_address>0x2000845a</load_address>
         <run_address>0x2000845a</run_address>
         <size>0x4</size>
         <input_file_ref idref="fl-e4"/>
      </object_component>
      <object_component id="oc-190">
         <name>.text:abort:abort</name>
         <load_address>0x2000845e</load_address>
         <run_address>0x2000845e</run_address>
         <size>0x4</size>
         <input_file_ref idref="fl-e6"/>
      </object_component>
      <object_component id="oc-412">
         <name>.const:.string:_ctypes_</name>
         <load_address>0x20008464</load_address>
         <run_address>0x20008464</run_address>
         <size>0x101</size>
         <input_file_ref idref="fl-eb"/>
      </object_component>
      <object_component id="oc-368">
         <name>.const:g_ulPinToPadMap</name>
         <load_address>0x20008568</load_address>
         <run_address>0x20008568</run_address>
         <size>0x100</size>
         <input_file_ref idref="fl-12"/>
      </object_component>
      <object_component id="oc-26a">
         <name>.const:PRCM_PeriphRegsList</name>
         <load_address>0x20008668</load_address>
         <run_address>0x20008668</run_address>
         <size>0xa8</size>
         <input_file_ref idref="fl-13"/>
      </object_component>
      <object_component id="oc-222">
         <name>.const:g_pulEnRegs</name>
         <load_address>0x20008710</load_address>
         <run_address>0x20008710</run_address>
         <size>0x18</size>
         <input_file_ref idref="fl-11"/>
      </object_component>
      <object_component id="oc-357">
         <name>.const:g_ppulUARTIntMap</name>
         <load_address>0x20008728</load_address>
         <run_address>0x20008728</run_address>
         <size>0x10</size>
         <input_file_ref idref="fl-16"/>
      </object_component>
      <object_component id="oc-4f8">
         <name>.cinit..data.load</name>
         <load_address>0x20008738</load_address>
         <run_address>0x20008738</run_address>
         <size>0x20</size>
      </object_component>
      <object_component id="oc-4f6">
         <name>__TI_handler_table</name>
         <load_address>0x20008758</load_address>
         <run_address>0x20008758</run_address>
         <size>0xc</size>
      </object_component>
      <object_component id="oc-4f9">
         <name>.cinit..bss.load</name>
         <load_address>0x20008768</load_address>
         <run_address>0x20008768</run_address>
         <size>0x8</size>
      </object_component>
      <object_component id="oc-4f7">
         <name>__TI_cinit_table</name>
         <load_address>0x20008770</load_address>
         <run_address>0x20008770</run_address>
         <size>0x10</size>
      </object_component>
      <object_component id="oc-cb">
         <name>.data</name>
         <load_address>0x20017800</load_address>
         <run_address>0x20017800</run_address>
         <size>0x28</size>
         <input_file_ref idref="fl-5"/>
      </object_component>
      <object_component id="oc-183">
         <name>.data:button</name>
         <load_address>0x20017838</load_address>
         <run_address>0x20017838</run_address>
         <size>0x8</size>
         <input_file_ref idref="fl-5"/>
      </object_component>
      <object_component id="oc-3e9">
         <name>.data:$O1$$</name>
         <load_address>0x20017830</load_address>
         <run_address>0x20017830</run_address>
         <size>0x8</size>
         <input_file_ref idref="fl-d7"/>
      </object_component>
      <object_component id="oc-2dc">
         <name>.data:$O1$$</name>
         <load_address>0x20017828</load_address>
         <run_address>0x20017828</run_address>
         <size>0x8</size>
         <input_file_ref idref="fl-e7"/>
      </object_component>
      <object_component id="oc-474">
         <name>.data</name>
         <load_address>0x20017840</load_address>
         <run_address>0x20017840</run_address>
         <size>0x4</size>
         <input_file_ref idref="fl-ee"/>
      </object_component>
      <object_component id="oc-204">
         <name>.bss</name>
         <uninitialized>true</uninitialized>
         <run_address>0x20017864</run_address>
         <size>0x4</size>
         <input_file_ref idref="fl-9"/>
      </object_component>
      <object_component id="oc-180">
         <name>.common:SW_intflag</name>
         <uninitialized>true</uninitialized>
         <run_address>0x20017874</run_address>
         <size>0x1</size>
      </object_component>
      <object_component id="oc-189">
         <name>.common:buffer</name>
         <uninitialized>true</uninitialized>
         <run_address>0x20017844</run_address>
         <size>0x20</size>
      </object_component>
      <object_component id="oc-187">
         <name>.common:currButton</name>
         <uninitialized>true</uninitialized>
         <run_address>0x20017868</run_address>
         <size>0x4</size>
      </object_component>
      <object_component id="oc-188">
         <name>.common:prevButton</name>
         <uninitialized>true</uninitialized>
         <run_address>0x2001786c</run_address>
         <size>0x4</size>
      </object_component>
      <object_component id="oc-186">
         <name>.common:prevData</name>
         <uninitialized>true</uninitialized>
         <run_address>0x20017870</run_address>
         <size>0x4</size>
      </object_component>
      <object_component id="oc-23">
         <name>.sysmem</name>
         <uninitialized>true</uninitialized>
         <run_address>0x20017000</run_address>
         <size>0x10</size>
         <input_file_ref idref="fl-d7"/>
      </object_component>
      <object_component id="oc-4fc">
         <name>.sysmem</name>
         <uninitialized>true</uninitialized>
         <run_address>0x20017000</run_address>
         <size>0x0</size>
      </object_component>
      <object_component id="oc-26">
         <name>.stack</name>
         <uninitialized>true</uninitialized>
         <run_address>0x2002f800</run_address>
         <size>0x4</size>
         <input_file_ref idref="fl-d9"/>
      </object_component>
      <object_component id="oc-4fb">
         <name>.stack</name>
         <uninitialized>true</uninitialized>
         <run_address>0x2002f800</run_address>
         <size>0x0</size>
      </object_component>
      <object_component id="oc-38">
         <name>.debug_info</name>
         <load_address>0x0</load_address>
         <run_address>0x0</run_address>
         <size>0x84</size>
         <input_file_ref idref="fl-2"/>
      </object_component>
      <object_component id="oc-291">
         <name>.debug_info</name>
         <load_address>0x84</load_address>
         <run_address>0x84</run_address>
         <size>0x240</size>
         <input_file_ref idref="fl-3"/>
      </object_component>
      <object_component id="oc-147">
         <name>.debug_info</name>
         <load_address>0x2c4</load_address>
         <run_address>0x2c4</run_address>
         <size>0xe9b</size>
         <input_file_ref idref="fl-3"/>
      </object_component>
      <object_component id="oc-3f6">
         <name>.debug_info</name>
         <load_address>0x115f</load_address>
         <run_address>0x115f</run_address>
         <size>0x62</size>
         <input_file_ref idref="fl-3"/>
      </object_component>
      <object_component id="oc-21d">
         <name>.debug_info</name>
         <load_address>0x11c1</load_address>
         <run_address>0x11c1</run_address>
         <size>0x2c</size>
         <input_file_ref idref="fl-3"/>
      </object_component>
      <object_component id="oc-bc">
         <name>.debug_info</name>
         <load_address>0x11ed</load_address>
         <run_address>0x11ed</run_address>
         <size>0x2c</size>
         <input_file_ref idref="fl-3"/>
      </object_component>
      <object_component id="oc-33c">
         <name>.debug_info</name>
         <load_address>0x1219</load_address>
         <run_address>0x1219</run_address>
         <size>0x35</size>
         <input_file_ref idref="fl-3"/>
      </object_component>
      <object_component id="oc-346">
         <name>.debug_info</name>
         <load_address>0x124e</load_address>
         <run_address>0x124e</run_address>
         <size>0x4fe</size>
         <input_file_ref idref="fl-4"/>
      </object_component>
      <object_component id="oc-2c7">
         <name>.debug_info</name>
         <load_address>0x174c</load_address>
         <run_address>0x174c</run_address>
         <size>0x26b</size>
         <input_file_ref idref="fl-4"/>
      </object_component>
      <object_component id="oc-20e">
         <name>.debug_info</name>
         <load_address>0x19b7</load_address>
         <run_address>0x19b7</run_address>
         <size>0x110</size>
         <input_file_ref idref="fl-4"/>
      </object_component>
      <object_component id="oc-341">
         <name>.debug_info</name>
         <load_address>0x1ac7</load_address>
         <run_address>0x1ac7</run_address>
         <size>0x8b</size>
         <input_file_ref idref="fl-4"/>
      </object_component>
      <object_component id="oc-2d3">
         <name>.debug_info</name>
         <load_address>0x1b52</load_address>
         <run_address>0x1b52</run_address>
         <size>0x2a4</size>
         <input_file_ref idref="fl-4"/>
      </object_component>
      <object_component id="oc-18b">
         <name>.debug_info</name>
         <load_address>0x1df6</load_address>
         <run_address>0x1df6</run_address>
         <size>0xbb</size>
         <input_file_ref idref="fl-4"/>
      </object_component>
      <object_component id="oc-181">
         <name>.debug_info</name>
         <load_address>0x1eb1</load_address>
         <run_address>0x1eb1</run_address>
         <size>0x8b8</size>
         <input_file_ref idref="fl-5"/>
      </object_component>
      <object_component id="oc-cc">
         <name>.debug_info</name>
         <load_address>0x2769</load_address>
         <run_address>0x2769</run_address>
         <size>0x227</size>
         <input_file_ref idref="fl-5"/>
      </object_component>
      <object_component id="oc-184">
         <name>.debug_info</name>
         <load_address>0x2990</load_address>
         <run_address>0x2990</run_address>
         <size>0xed</size>
         <input_file_ref idref="fl-5"/>
      </object_component>
      <object_component id="oc-99">
         <name>.debug_info</name>
         <load_address>0x2a7d</load_address>
         <run_address>0x2a7d</run_address>
         <size>0xd5f</size>
         <input_file_ref idref="fl-5"/>
      </object_component>
      <object_component id="oc-2ce">
         <name>.debug_info</name>
         <load_address>0x37dc</load_address>
         <run_address>0x37dc</run_address>
         <size>0x62</size>
         <input_file_ref idref="fl-5"/>
      </object_component>
      <object_component id="oc-209">
         <name>.debug_info</name>
         <load_address>0x383e</load_address>
         <run_address>0x383e</run_address>
         <size>0x2c</size>
         <input_file_ref idref="fl-5"/>
      </object_component>
      <object_component id="oc-169">
         <name>.debug_info</name>
         <load_address>0x386a</load_address>
         <run_address>0x386a</run_address>
         <size>0x408</size>
         <input_file_ref idref="fl-6"/>
      </object_component>
      <object_component id="oc-31">
         <name>.debug_info</name>
         <load_address>0x3c72</load_address>
         <run_address>0x3c72</run_address>
         <size>0x1af</size>
         <input_file_ref idref="fl-7"/>
      </object_component>
      <object_component id="oc-13">
         <name>.debug_info</name>
         <load_address>0x3e21</load_address>
         <run_address>0x3e21</run_address>
         <size>0x12e</size>
         <input_file_ref idref="fl-7"/>
      </object_component>
      <object_component id="oc-2b">
         <name>.debug_info</name>
         <load_address>0x3f4f</load_address>
         <run_address>0x3f4f</run_address>
         <size>0x44f</size>
         <input_file_ref idref="fl-7"/>
      </object_component>
      <object_component id="oc-208">
         <name>.debug_info</name>
         <load_address>0x439e</load_address>
         <run_address>0x439e</run_address>
         <size>0x3fa</size>
         <input_file_ref idref="fl-9"/>
      </object_component>
      <object_component id="oc-205">
         <name>.debug_info</name>
         <load_address>0x4798</load_address>
         <run_address>0x4798</run_address>
         <size>0x125</size>
         <input_file_ref idref="fl-9"/>
      </object_component>
      <object_component id="oc-c6">
         <name>.debug_info</name>
         <load_address>0x48bd</load_address>
         <run_address>0x48bd</run_address>
         <size>0x901</size>
         <input_file_ref idref="fl-9"/>
      </object_component>
      <object_component id="oc-2c2">
         <name>.debug_info</name>
         <load_address>0x51be</load_address>
         <run_address>0x51be</run_address>
         <size>0x1e0</size>
         <input_file_ref idref="fl-f"/>
      </object_component>
      <object_component id="oc-2bd">
         <name>.debug_info</name>
         <load_address>0x539e</load_address>
         <run_address>0x539e</run_address>
         <size>0x19e</size>
         <input_file_ref idref="fl-f"/>
      </object_component>
      <object_component id="oc-2aa">
         <name>.debug_info</name>
         <load_address>0x553c</load_address>
         <run_address>0x553c</run_address>
         <size>0x1dd</size>
         <input_file_ref idref="fl-f"/>
      </object_component>
      <object_component id="oc-176">
         <name>.debug_info</name>
         <load_address>0x5719</load_address>
         <run_address>0x5719</run_address>
         <size>0x1e8</size>
         <input_file_ref idref="fl-f"/>
      </object_component>
      <object_component id="oc-17d">
         <name>.debug_info</name>
         <load_address>0x5901</load_address>
         <run_address>0x5901</run_address>
         <size>0x1bf</size>
         <input_file_ref idref="fl-f"/>
      </object_component>
      <object_component id="oc-160">
         <name>.debug_info</name>
         <load_address>0x5ac0</load_address>
         <run_address>0x5ac0</run_address>
         <size>0x1b7</size>
         <input_file_ref idref="fl-f"/>
      </object_component>
      <object_component id="oc-165">
         <name>.debug_info</name>
         <load_address>0x5c77</load_address>
         <run_address>0x5c77</run_address>
         <size>0x1bd</size>
         <input_file_ref idref="fl-f"/>
      </object_component>
      <object_component id="oc-172">
         <name>.debug_info</name>
         <load_address>0x5e34</load_address>
         <run_address>0x5e34</run_address>
         <size>0x208</size>
         <input_file_ref idref="fl-f"/>
      </object_component>
      <object_component id="oc-27a">
         <name>.debug_info</name>
         <load_address>0x603c</load_address>
         <run_address>0x603c</run_address>
         <size>0x1d4</size>
         <input_file_ref idref="fl-f"/>
      </object_component>
      <object_component id="oc-34a">
         <name>.debug_info</name>
         <load_address>0x6210</load_address>
         <run_address>0x6210</run_address>
         <size>0x201</size>
         <input_file_ref idref="fl-11"/>
      </object_component>
      <object_component id="oc-223">
         <name>.debug_info</name>
         <load_address>0x6411</load_address>
         <run_address>0x6411</run_address>
         <size>0xf4</size>
         <input_file_ref idref="fl-11"/>
      </object_component>
      <object_component id="oc-d5">
         <name>.debug_info</name>
         <load_address>0x6505</load_address>
         <run_address>0x6505</run_address>
         <size>0x17c</size>
         <input_file_ref idref="fl-11"/>
      </object_component>
      <object_component id="oc-cf">
         <name>.debug_info</name>
         <load_address>0x6681</load_address>
         <run_address>0x6681</run_address>
         <size>0x1ae</size>
         <input_file_ref idref="fl-11"/>
      </object_component>
      <object_component id="oc-247">
         <name>.debug_info</name>
         <load_address>0x682f</load_address>
         <run_address>0x682f</run_address>
         <size>0x1f8</size>
         <input_file_ref idref="fl-11"/>
      </object_component>
      <object_component id="oc-db">
         <name>.debug_info</name>
         <load_address>0x6a27</load_address>
         <run_address>0x6a27</run_address>
         <size>0x19f</size>
         <input_file_ref idref="fl-11"/>
      </object_component>
      <object_component id="oc-401">
         <name>.debug_info</name>
         <load_address>0x6bc6</load_address>
         <run_address>0x6bc6</run_address>
         <size>0x14e</size>
         <input_file_ref idref="fl-12"/>
      </object_component>
      <object_component id="oc-369">
         <name>.debug_info</name>
         <load_address>0x6d14</load_address>
         <run_address>0x6d14</run_address>
         <size>0xf6</size>
         <input_file_ref idref="fl-12"/>
      </object_component>
      <object_component id="oc-29e">
         <name>.debug_info</name>
         <load_address>0x6e0a</load_address>
         <run_address>0x6e0a</run_address>
         <size>0x1bf</size>
         <input_file_ref idref="fl-12"/>
      </object_component>
      <object_component id="oc-36d">
         <name>.debug_info</name>
         <load_address>0x6fc9</load_address>
         <run_address>0x6fc9</run_address>
         <size>0x20d</size>
         <input_file_ref idref="fl-12"/>
      </object_component>
      <object_component id="oc-2b5">
         <name>.debug_info</name>
         <load_address>0x71d6</load_address>
         <run_address>0x71d6</run_address>
         <size>0x1d4</size>
         <input_file_ref idref="fl-12"/>
      </object_component>
      <object_component id="oc-2af">
         <name>.debug_info</name>
         <load_address>0x73aa</load_address>
         <run_address>0x73aa</run_address>
         <size>0x1d2</size>
         <input_file_ref idref="fl-12"/>
      </object_component>
      <object_component id="oc-2a3">
         <name>.debug_info</name>
         <load_address>0x757c</load_address>
         <run_address>0x757c</run_address>
         <size>0x222</size>
         <input_file_ref idref="fl-12"/>
      </object_component>
      <object_component id="oc-350">
         <name>.debug_info</name>
         <load_address>0x779e</load_address>
         <run_address>0x779e</run_address>
         <size>0x25e</size>
         <input_file_ref idref="fl-13"/>
      </object_component>
      <object_component id="oc-26b">
         <name>.debug_info</name>
         <load_address>0x79fc</load_address>
         <run_address>0x79fc</run_address>
         <size>0xff</size>
         <input_file_ref idref="fl-13"/>
      </object_component>
      <object_component id="oc-227">
         <name>.debug_info</name>
         <load_address>0x7afb</load_address>
         <run_address>0x7afb</run_address>
         <size>0x1a6</size>
         <input_file_ref idref="fl-13"/>
      </object_component>
      <object_component id="oc-129">
         <name>.debug_info</name>
         <load_address>0x7ca1</load_address>
         <run_address>0x7ca1</run_address>
         <size>0x1eb</size>
         <input_file_ref idref="fl-13"/>
      </object_component>
      <object_component id="oc-23f">
         <name>.debug_info</name>
         <load_address>0x7e8c</load_address>
         <run_address>0x7e8c</run_address>
         <size>0x1ed</size>
         <input_file_ref idref="fl-13"/>
      </object_component>
      <object_component id="oc-135">
         <name>.debug_info</name>
         <load_address>0x8079</load_address>
         <run_address>0x8079</run_address>
         <size>0x216</size>
         <input_file_ref idref="fl-13"/>
      </object_component>
      <object_component id="oc-239">
         <name>.debug_info</name>
         <load_address>0x828f</load_address>
         <run_address>0x828f</run_address>
         <size>0x1c0</size>
         <input_file_ref idref="fl-13"/>
      </object_component>
      <object_component id="oc-e2">
         <name>.debug_info</name>
         <load_address>0x844f</load_address>
         <run_address>0x844f</run_address>
         <size>0x283</size>
         <input_file_ref idref="fl-13"/>
      </object_component>
      <object_component id="oc-22d">
         <name>.debug_info</name>
         <load_address>0x86d2</load_address>
         <run_address>0x86d2</run_address>
         <size>0x1bf</size>
         <input_file_ref idref="fl-13"/>
      </object_component>
      <object_component id="oc-234">
         <name>.debug_info</name>
         <load_address>0x8891</load_address>
         <run_address>0x8891</run_address>
         <size>0x1d4</size>
         <input_file_ref idref="fl-13"/>
      </object_component>
      <object_component id="oc-363">
         <name>.debug_info</name>
         <load_address>0x8a65</load_address>
         <run_address>0x8a65</run_address>
         <size>0x232</size>
         <input_file_ref idref="fl-14"/>
      </object_component>
      <object_component id="oc-143">
         <name>.debug_info</name>
         <load_address>0x8c97</load_address>
         <run_address>0x8c97</run_address>
         <size>0x179</size>
         <input_file_ref idref="fl-14"/>
      </object_component>
      <object_component id="oc-131">
         <name>.debug_info</name>
         <load_address>0x8e10</load_address>
         <run_address>0x8e10</run_address>
         <size>0x177</size>
         <input_file_ref idref="fl-14"/>
      </object_component>
      <object_component id="oc-13d">
         <name>.debug_info</name>
         <load_address>0x8f87</load_address>
         <run_address>0x8f87</run_address>
         <size>0x28e</size>
         <input_file_ref idref="fl-14"/>
      </object_component>
      <object_component id="oc-287">
         <name>.debug_info</name>
         <load_address>0x9215</load_address>
         <run_address>0x9215</run_address>
         <size>0x1aa</size>
         <input_file_ref idref="fl-14"/>
      </object_component>
      <object_component id="oc-27f">
         <name>.debug_info</name>
         <load_address>0x93bf</load_address>
         <run_address>0x93bf</run_address>
         <size>0x1a6</size>
         <input_file_ref idref="fl-14"/>
      </object_component>
      <object_component id="oc-274">
         <name>.debug_info</name>
         <load_address>0x9565</load_address>
         <run_address>0x9565</run_address>
         <size>0x17d</size>
         <input_file_ref idref="fl-14"/>
      </object_component>
      <object_component id="oc-28c">
         <name>.debug_info</name>
         <load_address>0x96e2</load_address>
         <run_address>0x96e2</run_address>
         <size>0x17f</size>
         <input_file_ref idref="fl-14"/>
      </object_component>
      <object_component id="oc-24d">
         <name>.debug_info</name>
         <load_address>0x9861</load_address>
         <run_address>0x9861</run_address>
         <size>0x199</size>
         <input_file_ref idref="fl-15"/>
      </object_component>
      <object_component id="oc-f9">
         <name>.debug_info</name>
         <load_address>0x99fa</load_address>
         <run_address>0x99fa</run_address>
         <size>0x15f</size>
         <input_file_ref idref="fl-15"/>
      </object_component>
      <object_component id="oc-ee">
         <name>.debug_info</name>
         <load_address>0x9b59</load_address>
         <run_address>0x9b59</run_address>
         <size>0x1b6</size>
         <input_file_ref idref="fl-15"/>
      </object_component>
      <object_component id="oc-f3">
         <name>.debug_info</name>
         <load_address>0x9d0f</load_address>
         <run_address>0x9d0f</run_address>
         <size>0x165</size>
         <input_file_ref idref="fl-15"/>
      </object_component>
      <object_component id="oc-e8">
         <name>.debug_info</name>
         <load_address>0x9e74</load_address>
         <run_address>0x9e74</run_address>
         <size>0x198</size>
         <input_file_ref idref="fl-15"/>
      </object_component>
      <object_component id="oc-14d">
         <name>.debug_info</name>
         <load_address>0xa00c</load_address>
         <run_address>0xa00c</run_address>
         <size>0x16a</size>
         <input_file_ref idref="fl-15"/>
      </object_component>
      <object_component id="oc-265">
         <name>.debug_info</name>
         <load_address>0xa176</load_address>
         <run_address>0xa176</run_address>
         <size>0x209</size>
         <input_file_ref idref="fl-16"/>
      </object_component>
      <object_component id="oc-358">
         <name>.debug_info</name>
         <load_address>0xa37f</load_address>
         <run_address>0xa37f</run_address>
         <size>0xf9</size>
         <input_file_ref idref="fl-16"/>
      </object_component>
      <object_component id="oc-25f">
         <name>.debug_info</name>
         <load_address>0xa478</load_address>
         <run_address>0xa478</run_address>
         <size>0x19e</size>
         <input_file_ref idref="fl-16"/>
      </object_component>
      <object_component id="oc-111">
         <name>.debug_info</name>
         <load_address>0xa616</load_address>
         <run_address>0xa616</run_address>
         <size>0x1f5</size>
         <input_file_ref idref="fl-16"/>
      </object_component>
      <object_component id="oc-ff">
         <name>.debug_info</name>
         <load_address>0xa80b</load_address>
         <run_address>0xa80b</run_address>
         <size>0x25c</size>
         <input_file_ref idref="fl-16"/>
      </object_component>
      <object_component id="oc-257">
         <name>.debug_info</name>
         <load_address>0xaa67</load_address>
         <run_address>0xaa67</run_address>
         <size>0x17e</size>
         <input_file_ref idref="fl-16"/>
      </object_component>
      <object_component id="oc-251">
         <name>.debug_info</name>
         <load_address>0xabe5</load_address>
         <run_address>0xabe5</run_address>
         <size>0x180</size>
         <input_file_ref idref="fl-16"/>
      </object_component>
      <object_component id="oc-106">
         <name>.debug_info</name>
         <load_address>0xad65</load_address>
         <run_address>0xad65</run_address>
         <size>0x188</size>
         <input_file_ref idref="fl-16"/>
      </object_component>
      <object_component id="oc-1dc">
         <name>.debug_info</name>
         <load_address>0xaeed</load_address>
         <run_address>0xaeed</run_address>
         <size>0x18a</size>
         <input_file_ref idref="fl-16"/>
      </object_component>
      <object_component id="oc-1e1">
         <name>.debug_info</name>
         <load_address>0xb077</load_address>
         <run_address>0xb077</run_address>
         <size>0x19a</size>
         <input_file_ref idref="fl-16"/>
      </object_component>
      <object_component id="oc-1cf">
         <name>.debug_info</name>
         <load_address>0xb211</load_address>
         <run_address>0xb211</run_address>
         <size>0x1ab</size>
         <input_file_ref idref="fl-16"/>
      </object_component>
      <object_component id="oc-10b">
         <name>.debug_info</name>
         <load_address>0xb3bc</load_address>
         <run_address>0xb3bc</run_address>
         <size>0x210</size>
         <input_file_ref idref="fl-16"/>
      </object_component>
      <object_component id="oc-124">
         <name>.debug_info</name>
         <load_address>0xb5cc</load_address>
         <run_address>0xb5cc</run_address>
         <size>0x1bf</size>
         <input_file_ref idref="fl-16"/>
      </object_component>
      <object_component id="oc-118">
         <name>.debug_info</name>
         <load_address>0xb78b</load_address>
         <run_address>0xb78b</run_address>
         <size>0x1b7</size>
         <input_file_ref idref="fl-16"/>
      </object_component>
      <object_component id="oc-11e">
         <name>.debug_info</name>
         <load_address>0xb942</load_address>
         <run_address>0xb942</run_address>
         <size>0x1bd</size>
         <input_file_ref idref="fl-16"/>
      </object_component>
      <object_component id="oc-217">
         <name>.debug_info</name>
         <load_address>0xbaff</load_address>
         <run_address>0xbaff</run_address>
         <size>0x14e</size>
         <input_file_ref idref="fl-18"/>
      </object_component>
      <object_component id="oc-30c">
         <name>.debug_info</name>
         <load_address>0xbc4d</load_address>
         <run_address>0xbc4d</run_address>
         <size>0x212</size>
         <input_file_ref idref="fl-cf"/>
      </object_component>
      <object_component id="oc-1d6">
         <name>.debug_info</name>
         <load_address>0xbe5f</load_address>
         <run_address>0xbe5f</run_address>
         <size>0x208</size>
         <input_file_ref idref="fl-cf"/>
      </object_component>
      <object_component id="oc-303">
         <name>.debug_info</name>
         <load_address>0xc067</load_address>
         <run_address>0xc067</run_address>
         <size>0x1c6</size>
         <input_file_ref idref="fl-cf"/>
      </object_component>
      <object_component id="oc-307">
         <name>.debug_info</name>
         <load_address>0xc22d</load_address>
         <run_address>0xc22d</run_address>
         <size>0x179</size>
         <input_file_ref idref="fl-cf"/>
      </object_component>
      <object_component id="oc-30d">
         <name>.debug_info</name>
         <load_address>0xc3a6</load_address>
         <run_address>0xc3a6</run_address>
         <size>0x2c</size>
         <input_file_ref idref="fl-cf"/>
      </object_component>
      <object_component id="oc-312">
         <name>.debug_info</name>
         <load_address>0xc3d2</load_address>
         <run_address>0xc3d2</run_address>
         <size>0x69</size>
         <input_file_ref idref="fl-cf"/>
      </object_component>
      <object_component id="oc-158">
         <name>.debug_info</name>
         <load_address>0xc43b</load_address>
         <run_address>0xc43b</run_address>
         <size>0x122</size>
         <input_file_ref idref="fl-d0"/>
      </object_component>
      <object_component id="oc-3f">
         <name>.debug_info</name>
         <load_address>0xc55d</load_address>
         <run_address>0xc55d</run_address>
         <size>0x119</size>
         <input_file_ref idref="fl-d1"/>
      </object_component>
      <object_component id="oc-154">
         <name>.debug_info</name>
         <load_address>0xc676</load_address>
         <run_address>0xc676</run_address>
         <size>0x134</size>
         <input_file_ref idref="fl-d2"/>
      </object_component>
      <object_component id="oc-8a">
         <name>.debug_info</name>
         <load_address>0xc7aa</load_address>
         <run_address>0xc7aa</run_address>
         <size>0x1a6</size>
         <input_file_ref idref="fl-d3"/>
      </object_component>
      <object_component id="oc-4b">
         <name>.debug_info</name>
         <load_address>0xc950</load_address>
         <run_address>0xc950</run_address>
         <size>0x1d2</size>
         <input_file_ref idref="fl-d3"/>
      </object_component>
      <object_component id="oc-85">
         <name>.debug_info</name>
         <load_address>0xcb22</load_address>
         <run_address>0xcb22</run_address>
         <size>0x46</size>
         <input_file_ref idref="fl-d3"/>
      </object_component>
      <object_component id="oc-48">
         <name>.debug_info</name>
         <load_address>0xcb68</load_address>
         <run_address>0xcb68</run_address>
         <size>0x17a</size>
         <input_file_ref idref="fl-d4"/>
      </object_component>
      <object_component id="oc-1c">
         <name>.debug_info</name>
         <load_address>0xcce2</load_address>
         <run_address>0xcce2</run_address>
         <size>0x1ea</size>
         <input_file_ref idref="fl-d4"/>
      </object_component>
      <object_component id="oc-43">
         <name>.debug_info</name>
         <load_address>0xcecc</load_address>
         <run_address>0xcecc</run_address>
         <size>0x46</size>
         <input_file_ref idref="fl-d4"/>
      </object_component>
      <object_component id="oc-7d">
         <name>.debug_info</name>
         <load_address>0xcf12</load_address>
         <run_address>0xcf12</run_address>
         <size>0x2c</size>
         <input_file_ref idref="fl-d4"/>
      </object_component>
      <object_component id="oc-7b">
         <name>.debug_info</name>
         <load_address>0xcf3e</load_address>
         <run_address>0xcf3e</run_address>
         <size>0x170</size>
         <input_file_ref idref="fl-d5"/>
      </object_component>
      <object_component id="oc-18">
         <name>.debug_info</name>
         <load_address>0xd0ae</load_address>
         <run_address>0xd0ae</run_address>
         <size>0x250</size>
         <input_file_ref idref="fl-d5"/>
      </object_component>
      <object_component id="oc-33">
         <name>.debug_info</name>
         <load_address>0xd2fe</load_address>
         <run_address>0xd2fe</run_address>
         <size>0x60</size>
         <input_file_ref idref="fl-d5"/>
      </object_component>
      <object_component id="oc-b5">
         <name>.debug_info</name>
         <load_address>0xd35e</load_address>
         <run_address>0xd35e</run_address>
         <size>0x46</size>
         <input_file_ref idref="fl-d5"/>
      </object_component>
      <object_component id="oc-76">
         <name>.debug_info</name>
         <load_address>0xd3a4</load_address>
         <run_address>0xd3a4</run_address>
         <size>0x39</size>
         <input_file_ref idref="fl-d5"/>
      </object_component>
      <object_component id="oc-31c">
         <name>.debug_info</name>
         <load_address>0xd3dd</load_address>
         <run_address>0xd3dd</run_address>
         <size>0x172</size>
         <input_file_ref idref="fl-d6"/>
      </object_component>
      <object_component id="oc-1ee">
         <name>.debug_info</name>
         <load_address>0xd54f</load_address>
         <run_address>0xd54f</run_address>
         <size>0x1a9</size>
         <input_file_ref idref="fl-d6"/>
      </object_component>
      <object_component id="oc-6f">
         <name>.debug_info</name>
         <load_address>0xd6f8</load_address>
         <run_address>0xd6f8</run_address>
         <size>0x284</size>
         <input_file_ref idref="fl-d7"/>
      </object_component>
      <object_component id="oc-24">
         <name>.debug_info</name>
         <load_address>0xd97c</load_address>
         <run_address>0xd97c</run_address>
         <size>0x10c</size>
         <input_file_ref idref="fl-d7"/>
      </object_component>
      <object_component id="oc-3ea">
         <name>.debug_info</name>
         <load_address>0xda88</load_address>
         <run_address>0xda88</run_address>
         <size>0x13f</size>
         <input_file_ref idref="fl-d7"/>
      </object_component>
      <object_component id="oc-1f4">
         <name>.debug_info</name>
         <load_address>0xdbc7</load_address>
         <run_address>0xdbc7</run_address>
         <size>0x168</size>
         <input_file_ref idref="fl-d7"/>
      </object_component>
      <object_component id="oc-326">
         <name>.debug_info</name>
         <load_address>0xdd2f</load_address>
         <run_address>0xdd2f</run_address>
         <size>0x18e</size>
         <input_file_ref idref="fl-d7"/>
      </object_component>
      <object_component id="oc-333">
         <name>.debug_info</name>
         <load_address>0xdebd</load_address>
         <run_address>0xdebd</run_address>
         <size>0x19f</size>
         <input_file_ref idref="fl-d7"/>
      </object_component>
      <object_component id="oc-1ff">
         <name>.debug_info</name>
[...]
      </symbol>
      <symbol id="sm-20d">
         <name>Message</name>
         <value>0x20005efb</value>
         <object_component_ref idref="oc-c5"/>
      </symbol>
      <symbol id="sm-20e">
         <name>Report</name>
         <value>0x2000609d</value>
         <object_component_ref idref="oc-c5"/>
      </symbol>
      <symbol id="sm-20f">
         <name>Error</name>
         <value>0x20005f27</value>
         <object_component_ref idref="oc-c5"/>
      </symbol>
      <symbol id="sm-210">
         <name>InitTerm</name>
         <value>0x20005edd</value>
         <object_component_ref idref="oc-c5"/>
      </symbol>
      <symbol id="sm-211">
         <name>ClearTerm</name>
         <value>0x20005f1d</value>
         <object_component_ref idref="oc-c5"/>
      </symbol>
      <symbol id="sm-212">
         <name>TrimSpace</name>
         <value>0x20006005</value>
         <object_component_ref idref="oc-c5"/>
      </symbol>
      <symbol id="sm-26a">
         <name>GPIOIntRegister</name>
         <value>0x200080cd</value>
         <object_component_ref idref="oc-16e"/>
      </symbol>
      <symbol id="sm-26b">
         <name>GPIOIntEnable</name>
         <value>0x200081f1</value>
         <object_component_ref idref="oc-17a"/>
      </symbol>
      <symbol id="sm-26c">
         <name>GPIOIntTypeSet</name>
         <value>0x20007779</value>
         <object_component_ref idref="oc-174"/>
      </symbol>
      <symbol id="sm-26d">
         <name>GPIOIntClear</name>
         <value>0x20008385</value>
         <object_component_ref idref="oc-162"/>
      </symbol>
      <symbol id="sm-26e">
         <name>GPIOIntStatus</name>
         <value>0x20008029</value>
         <object_component_ref idref="oc-15c"/>
      </symbol>
      <symbol id="sm-26f">
         <name>GPIODirModeSet</name>
         <value>0x20007e45</value>
         <object_component_ref idref="oc-2a8"/>
      </symbol>
      <symbol id="sm-270">
         <name>GPIOPinWrite</name>
         <value>0x2000806d</value>
         <object_component_ref idref="oc-278"/>
      </symbol>
      <symbol id="sm-2aa">
         <name>IntVTableBaseSet</name>
         <value>0x20008399</value>
         <object_component_ref idref="oc-ce"/>
      </symbol>
      <symbol id="sm-2ab">
         <name>IntEnable</name>
         <value>0x200072d5</value>
         <object_component_ref idref="oc-da"/>
      </symbol>
      <symbol id="sm-2ac">
         <name>IntRegister</name>
         <value>0x2000808d</value>
         <object_component_ref idref="oc-246"/>
      </symbol>
      <symbol id="sm-2ad">
         <name>IntMasterEnable</name>
         <value>0x20008439</value>
         <object_component_ref idref="oc-d4"/>
      </symbol>
      <symbol id="sm-2ec">
         <name>PinTypeUART</name>
         <value>0x20008225</value>
         <object_component_ref idref="oc-2b4"/>
      </symbol>
      <symbol id="sm-2ed">
         <name>PinTypeGPIO</name>
         <value>0x20007e7b</value>
         <object_component_ref idref="oc-2a2"/>
      </symbol>
      <symbol id="sm-2ee">
         <name>PinConfigSet</name>
         <value>0x200075e5</value>
         <object_component_ref idref="oc-36c"/>
      </symbol>
      <symbol id="sm-2ef">
         <name>PinTypeSPI</name>
         <value>0x2000820b</value>
         <object_component_ref idref="oc-2ae"/>
      </symbol>
      <symbol id="sm-2f0">
         <name>PinModeSet</name>
         <value>0x20007d49</value>
         <object_component_ref idref="oc-29c"/>
      </symbol>
      <symbol id="sm-376">
         <name>PRCMPeripheralReset</name>
         <value>0x20007a91</value>
         <object_component_ref idref="oc-238"/>
      </symbol>
      <symbol id="sm-377">
         <name>PRCMPeripheralClkEnable</name>
         <value>0x20007e09</value>
         <object_component_ref idref="oc-128"/>
      </symbol>
      <symbol id="sm-378">
         <name>PRCMPeripheralClockGet</name>
         <value>0x20007551</value>
         <object_component_ref idref="oc-134"/>
      </symbol>
      <symbol id="sm-379">
         <name>PRCMCC3200MCUInit</name>
         <value>0x20006745</value>
         <object_component_ref idref="oc-e0"/>
      </symbol>
      <symbol id="sm-37a">
         <name>PRCMHIBRegWrite</name>
         <value>0x2000832f</value>
         <object_component_ref idref="oc-232"/>
      </symbol>
      <symbol id="sm-37b">
         <name>PRCMSysResetCauseGet</name>
         <value>0x20007f3d</value>
         <object_component_ref idref="oc-226"/>
      </symbol>
      <symbol id="sm-37c">
         <name>PRCMPeripheralClkDisable</name>
         <value>0x20007f69</value>
         <object_component_ref idref="oc-23e"/>
      </symbol>
      <symbol id="sm-37d">
         <name>PRCMHIBRegRead</name>
         <value>0x20008319</value>
         <object_component_ref idref="oc-22c"/>
      </symbol>
      <symbol id="sm-3c2">
         <name>SPICSEnable</name>
         <value>0x20008257</value>
         <object_component_ref idref="oc-272"/>
      </symbol>
      <symbol id="sm-3c3">
         <name>SPIDataPut</name>
         <value>0x200080eb</value>
         <object_component_ref idref="oc-27e"/>
      </symbol>
      <symbol id="sm-3c4">
         <name>SPIEnable</name>
         <value>0x2000826f</value>
         <object_component_ref idref="oc-140"/>
      </symbol>
      <symbol id="sm-3c5">
         <name>SPIDataGet</name>
         <value>0x200080ad</value>
         <object_component_ref idref="oc-284"/>
      </symbol>
      <symbol id="sm-3c6">
         <name>SPIConfigSetExpClk</name>
         <value>0x2000737d</value>
         <object_component_ref idref="oc-13a"/>
      </symbol>
      <symbol id="sm-3c7">
         <name>SPIReset</name>
         <value>0x2000804b</value>
         <object_component_ref idref="oc-12e"/>
      </symbol>
      <symbol id="sm-3c8">
         <name>SPICSDisable</name>
         <value>0x2000823f</value>
         <object_component_ref idref="oc-28a"/>
      </symbol>
      <symbol id="sm-3ff">
         <name>SysTickEnable</name>
         <value>0x200083e5</value>
         <object_component_ref idref="oc-f8"/>
      </symbol>
      <symbol id="sm-400">
         <name>SysTickIntRegister</name>
         <value>0x20008165</value>
         <object_component_ref idref="oc-ec"/>
      </symbol>
      <symbol id="sm-401">
         <name>SysTickIntEnable</name>
         <value>0x200083f5</value>
         <object_component_ref idref="oc-f2"/>
      </symbol>
      <symbol id="sm-402">
         <name>SysTickValueGet</name>
         <value>0x20008421</value>
         <object_component_ref idref="oc-14c"/>
      </symbol>
      <symbol id="sm-403">
         <name>SysTickPeriodSet</name>
         <value>0x20008289</value>
         <object_component_ref idref="oc-e6"/>
      </symbol>
      <symbol id="sm-48b">
         <name>UARTFIFODisable</name>
         <value>0x20008345</value>
         <object_component_ref idref="oc-104"/>
      </symbol>
      <symbol id="sm-48c">
         <name>UARTConfigSetExpClk</name>
         <value>0x20007875</value>
         <object_component_ref idref="oc-fe"/>
      </symbol>
      <symbol id="sm-48d">
         <name>UARTDisable</name>
         <value>0x20007ead</value>
         <object_component_ref idref="oc-250"/>
      </symbol>
      <symbol id="sm-48e">
         <name>UARTIntEnable</name>
         <value>0x200082d1</value>
         <object_component_ref idref="oc-122"/>
      </symbol>
      <symbol id="sm-48f">
         <name>UARTCharsAvail</name>
         <value>0x200082a1</value>
         <object_component_ref idref="oc-1da"/>
      </symbol>
      <symbol id="sm-490">
         <name>UARTCharGetNonBlocking</name>
         <value>0x20008181</value>
         <object_component_ref idref="oc-1e0"/>
      </symbol>
      <symbol id="sm-491">
         <name>UARTCharPut</name>
         <value>0x20008109</value>
         <object_component_ref idref="oc-1ce"/>
      </symbol>
      <symbol id="sm-492">
         <name>UARTEnable</name>
         <value>0x20007fe1</value>
         <object_component_ref idref="oc-256"/>
      </symbol>
      <symbol id="sm-493">
         <name>UARTIntClear</name>
         <value>0x200083c1</value>
         <object_component_ref idref="oc-11c"/>
      </symbol>
      <symbol id="sm-494">
         <name>UARTIntStatus</name>
         <value>0x20008145</value>
         <object_component_ref idref="oc-116"/>
      </symbol>
      <symbol id="sm-495">
         <name>UARTFIFOLevelSet</name>
         <value>0x200082b9</value>
         <object_component_ref idref="oc-110"/>
      </symbol>
      <symbol id="sm-496">
         <name>UARTIntRegister</name>
         <value>0x20008127</value>
         <object_component_ref idref="oc-10a"/>
      </symbol>
      <symbol id="sm-49a">
         <name>UtilsDelay</name>
         <value>0x20008455</value>
         <object_component_ref idref="oc-34c"/>
      </symbol>
      <symbol id="sm-4a4">
         <name>CPUcpsie</name>
         <value>0x20008371</value>
         <object_component_ref idref="oc-216"/>
      </symbol>
      <symbol id="sm-4d4">
         <name>vsnprintf</name>
         <value>0x20007d89</value>
         <object_component_ref idref="oc-1d4"/>
      </symbol>
      <symbol id="sm-4dd">
         <name>__aeabi_lmul</name>
         <value>0x20008301</value>
         <object_component_ref idref="oc-157"/>
      </symbol>
      <symbol id="sm-4f8">
         <name>memcpy</name>
         <value>0x2000741d</value>
         <object_component_ref idref="oc-3d"/>
      </symbol>
      <symbol id="sm-4f9">
         <name>__aeabi_memcpy</name>
         <value>0x2000741d</value>
         <object_component_ref idref="oc-3d"/>
      </symbol>
      <symbol id="sm-4fa">
         <name>__aeabi_memcpy8</name>
         <value>0x2000741d</value>
         <object_component_ref idref="oc-3d"/>
      </symbol>
      <symbol id="sm-4fb">
         <name>__aeabi_memcpy4</name>
         <value>0x2000741d</value>
         <object_component_ref idref="oc-3d"/>
      </symbol>
      <symbol id="sm-508">
         <name>__aeabi_uldivmod</name>
         <value>0x200074b9</value>
         <object_component_ref idref="oc-152"/>
      </symbol>
      <symbol id="sm-51c">
         <name>__TI_zero_init_nomemset</name>
         <value>0x2000819d</value>
         <object_component_ref idref="oc-49"/>
      </symbol>
      <symbol id="sm-533">
         <name>__TI_decompress_none</name>
         <value>0x20008405</value>
         <object_component_ref idref="oc-1b"/>
      </symbol>
      <symbol id="sm-556">
         <name>__TI_decompress_lzss</name>
         <value>0x200079cb</value>
         <object_component_ref idref="oc-15"/>
      </symbol>
      <symbol id="sm-567">
         <name>memmove</name>
         <value>0x20007fb9</value>
         <object_component_ref idref="oc-1ec"/>
      </symbol>
      <symbol id="sm-605">
         <name>_sys_memory</name>
         <value>0x20017000</value>
         <object_component_ref idref="oc-23"/>
      </symbol>
      <symbol id="sm-606">
         <name>free</name>
         <value>0x20006f89</value>
         <object_component_ref idref="oc-1fe"/>
      </symbol>
      <symbol id="sm-607">
         <name>realloc</name>
         <value>0x2000706d</value>
         <object_component_ref idref="oc-1f8"/>
      </symbol>
      <symbol id="sm-608">
         <name>memalign</name>
         <value>0x20006d8d</value>
         <object_component_ref idref="oc-31d"/>
      </symbol>
      <symbol id="sm-609">
         <name>malloc</name>
         <value>0x2000844d</value>
         <object_component_ref idref="oc-1f2"/>
      </symbol>
      <symbol id="sm-60a">
         <name>aligned_alloc</name>
         <value>0x20006d8d</value>
         <object_component_ref idref="oc-31d"/>
      </symbol>
      <symbol id="sm-618">
         <name>strlen</name>
         <value>0x200083ad</value>
         <object_component_ref idref="oc-1e6"/>
      </symbol>
      <symbol id="sm-62a">
         <name>__stack</name>
         <value>0x2002f800</value>
         <object_component_ref idref="oc-26"/>
      </symbol>
      <symbol id="sm-62b">
         <name>_c_int00_noargs</name>
         <value>0x20008005</value>
         <object_component_ref idref="oc-5b"/>
      </symbol>
      <symbol id="sm-790">
         <name>__TI_printfi</name>
         <value>0x20004fdd</value>
         <object_component_ref idref="oc-2f9"/>
      </symbol>
      <symbol id="sm-79a">
         <name>__aeabi_idiv0</name>
         <value>0x20005edb</value>
         <object_component_ref idref="oc-293"/>
      </symbol>
      <symbol id="sm-79b">
         <name>__aeabi_ldiv0</name>
         <value>0x20005edb</value>
         <object_component_ref idref="oc-293"/>
      </symbol>
      <symbol id="sm-7b2">
         <name>__aeabi_dsub</name>
         <value>0x2000658d</value>
         <object_component_ref idref="oc-438"/>
      </symbol>
      <symbol id="sm-7b3">
         <name>__aeabi_dadd</name>
         <value>0x20006597</value>
         <object_component_ref idref="oc-438"/>
      </symbol>
      <symbol id="sm-7d5">
         <name>__aeabi_cdcmpeq</name>
         <value>0x2000766d</value>
         <object_component_ref idref="oc-3a6"/>
      </symbol>
      <symbol id="sm-7d6">
         <name>__aeabi_cdcmple</name>
         <value>0x2000766d</value>
         <object_component_ref idref="oc-3a6"/>
      </symbol>
      <symbol id="sm-7d7">
         <name>__aeabi_cdrcmple</name>
         <value>0x200076f3</value>
         <object_component_ref idref="oc-423"/>
      </symbol>
      <symbol id="sm-7eb">
         <name>__aeabi_ddiv</name>
         <value>0x20006b35</value>
         <object_component_ref idref="oc-41e"/>
      </symbol>
      <symbol id="sm-7f6">
         <name>__aeabi_dmul</name>
         <value>0x20006e8d</value>
         <object_component_ref idref="oc-419"/>
      </symbol>
      <symbol id="sm-800">
         <name>__aeabi_d2iz</name>
         <value>0x20007c79</value>
         <object_component_ref idref="oc-428"/>
      </symbol>
      <symbol id="sm-80a">
         <name>__aeabi_i2d</name>
         <value>0x20007f0d</value>
         <object_component_ref idref="oc-433"/>
      </symbol>
      <symbol id="sm-819">
         <name>__aeabi_memset</name>
         <value>0x200077fd</value>
         <object_component_ref idref="oc-8b"/>
      </symbol>
      <symbol id="sm-81a">
         <name>memset</name>
         <value>0x20007803</value>
         <object_component_ref idref="oc-8b"/>
      </symbol>
      <symbol id="sm-81b">
         <name>__aeabi_memset8</name>
         <value>0x200077fd</value>
         <object_component_ref idref="oc-8b"/>
      </symbol>
      <symbol id="sm-81c">
         <name>__aeabi_memset4</name>
         <value>0x200077fd</value>
         <object_component_ref idref="oc-8b"/>
      </symbol>
      <symbol id="sm-81d">
         <name>__aeabi_memclr8</name>
         <value>0x200077fb</value>
         <object_component_ref idref="oc-8b"/>
      </symbol>
      <symbol id="sm-81e">
         <name>__aeabi_memclr4</name>
         <value>0x200077fb</value>
         <object_component_ref idref="oc-8b"/>
      </symbol>
      <symbol id="sm-81f">
         <name>__aeabi_memclr</name>
         <value>0x200077fb</value>
         <object_component_ref idref="oc-8b"/>
      </symbol>
      <symbol id="sm-847">
         <name>__TI_auto_init_nobinit_nopinit</name>
         <value>0x20007d05</value>
         <object_component_ref idref="oc-19c"/>
      </symbol>
      <symbol id="sm-851">
         <name>_system_pre_init</name>
         <value>0x2000845b</value>
         <object_component_ref idref="oc-91"/>
      </symbol>
      <symbol id="sm-85d">
         <name>C$$EXIT</name>
         <value>0x2000845f</value>
         <object_component_ref idref="oc-190"/>
      </symbol>
      <symbol id="sm-85e">
         <name>abort</name>
         <value>0x2000845f</value>
         <object_component_ref idref="oc-190"/>
      </symbol>
      <symbol id="sm-873">
         <name>_nop</name>
         <value>0x20005a2b</value>
         <object_component_ref idref="oc-37b"/>
      </symbol>
      <symbol id="sm-874">
         <name>_lock</name>
         <value>0x20017828</value>
         <object_component_ref idref="oc-2dc"/>
      </symbol>
      <symbol id="sm-875">
         <name>_unlock</name>
         <value>0x2001782c</value>
         <object_component_ref idref="oc-2dc"/>
      </symbol>
      <symbol id="sm-884">
         <name>__TI_ltoa</name>
         <value>0x20007b3f</value>
         <object_component_ref idref="oc-42d"/>
      </symbol>
      <symbol id="sm-89b">
         <name>atoi</name>
         <value>0x20007be5</value>
         <object_component_ref idref="oc-39a"/>
      </symbol>
      <symbol id="sm-8a6">
         <name>_ctypes_</name>
         <value>0x20008464</value>
         <object_component_ref idref="oc-412"/>
      </symbol>
      <symbol id="sm-8b6">
         <name>memccpy</name>
         <value>0x200081d5</value>
         <object_component_ref idref="oc-3c3"/>
      </symbol>
      <symbol id="sm-8c6">
         <name>strchr</name>
         <value>0x2000835b</value>
         <object_component_ref idref="oc-464"/>
      </symbol>
      <symbol id="sm-8dc">
         <name>__aeabi_errno_addr</name>
         <value>0x20008445</value>
         <object_component_ref idref="oc-3cf"/>
      </symbol>
      <symbol id="sm-8dd">
         <name>errno</name>
         <value>0x20017840</value>
         <object_component_ref idref="oc-474"/>
      </symbol>
      <symbol id="sm-8f6">
         <name>wcslen</name>
         <value>0x200083d3</value>
         <object_component_ref idref="oc-3c9"/>
      </symbol>
      <symbol id="sm-916">
         <name>frexpl</name>
         <value>0x20007a35</value>
         <object_component_ref idref="oc-458"/>
      </symbol>
      <symbol id="sm-917">
         <name>frexp</name>
         <value>0x20007a35</value>
         <object_component_ref idref="oc-458"/>
      </symbol>
      <symbol id="sm-935">
         <name>scalbn</name>
         <value>0x20007151</value>
         <object_component_ref idref="oc-45e"/>
      </symbol>
      <symbol id="sm-936">
         <name>scalbnl</name>
         <value>0x20007151</value>
         <object_component_ref idref="oc-45e"/>
      </symbol>
      <symbol id="sm-937">
         <name>ldexpl</name>
         <value>0x20007151</value>
         <object_component_ref idref="oc-45e"/>
      </symbol>
      <symbol id="sm-938">
         <name>ldexp</name>
         <value>0x20007151</value>
         <object_component_ref idref="oc-45e"/>
      </symbol>
      <symbol id="sm-942">
         <name>copysign</name>
         <value>0x2000842d</value>
         <object_component_ref idref="oc-4a1"/>
      </symbol>
      <symbol id="sm-943">
         <name>copysignl</name>
         <value>0x2000842d</value>
         <object_component_ref idref="oc-4a1"/>
      </symbol>
      <symbol id="sm-944">
         <name>__TI_static_base__</name>
         <value>0x20008738</value>
      </symbol>
      <symbol id="sm-947">
         <name>__mpu_init</name>
         <value>0x0</value>
      </symbol>
      <symbol id="sm-948">
         <name>_system_post_cinit</name>
         <value>0x0</value>
      </symbol>
   </symbol_table>
   <title>Link successful</title>
</link_info>
